******************************************************************************
                  TI ARM Linker PC v16.9.0                     
******************************************************************************
>> Linked Fri Jan 13 22:15:36 2017

OUTPUT FILE NAME:   <lab10.out>
ENTRY POINT SYMBOL: "_c_int00"  address: 0000a311


MEMORY CONFIGURATION

         name            origin    length      used     unused   attr    fill
----------------------  --------  ---------  --------  --------  ----  --------
  FLASH                 00000000   00040000  0000b084  00034f7c  R  X
  SRAM                  20000000   00008000  00001c34  000063cc  RW X


SEGMENT ALLOCATION MAP

run origin  load origin   length   init length attrs members
----------  ----------- ---------- ----------- ----- -------
00000000    00000000    0000b088   0000b088    r-x
  00000000    00000000    0000026c   0000026c    r-- .intvecs
  0000026c    0000026c    00005cd4   00005cd4    r-- .const
  00005f40    00005f40    00004c24   00004c24    r-x .text
  0000ab68    0000ab68    00000520   00000520    r-- .cinit
20000000    20000000    00001c34   00000000    rw-
  20000000    20000000    000016cc   00000000    rw- .data
  200016cc    200016cc    00000400   00000000    rw- .stack
  20001acc    20001acc    00000168   00000000    rw- .bss


SECTION ALLOCATION MAP

 output                                  attributes/
section   page    origin      length       input sections
--------  ----  ----------  ----------   ----------------
.intvecs   0    00000000    0000026c     
                  00000000    0000026c     tm4c123gh6pm_startup_ccs.obj (.intvecs)

.const     0    0000026c    00005cd4     
                  0000026c    00000a60     grlib.lib : fontcm24.obj (.const:.string:g_pui8Cm24Data)
                  00000ccc    00000960               : fontcm22.obj (.const:.string:g_pui8Cm22Data)
                  0000162c    0000095e               : fontcm20.obj (.const:.string:g_pui8Cm20Data)
                  00001f8a    0000086e               : fontcm18.obj (.const:.string:g_pui8Cm18Data)
                  000027f8    0000083d     images.obj (.const:.string:g_pucRedSlider195x37)
                  00003035    00000826     images.obj (.const:.string:g_pucGreenSlider195x37)
                  0000385b    00000705     images.obj (.const:.string:g_pucGettingHotter28x148)
                  00003f60    0000065a     grlib.lib : fontcm14.obj (.const:.string:g_pui8Cm14Data)
                  000045ba    0000055f               : fontcm12.obj (.const:.string:g_pui8Cm12Data)
                  00004b19    000003ad     images.obj (.const:.string:g_pucGettingHotter28x148Mono)
                  00004ec6    00000230     images.obj (.const:.string:g_pucLogo)
                  000050f6    00000210     images.obj (.const:.string:g_pucBlue50x50)
                  00005306    0000020e     images.obj (.const:.string:g_pucBlue50x50Press)
                  00005514    0000017a     grlib_demo.obj (.const:.string)
                  0000568e    000000f5     images.obj (.const:.string:g_pucLightOff)
                  00005783    000000e6     images.obj (.const:.string:g_pucLightOn)
                  00005869    00000003     --HOLE-- [fill = 0]
                  0000586c    000000c8     grlib.lib : fontcm12.obj (.const:g_sFontCm12)
                  00005934    000000c8               : fontcm14.obj (.const:g_sFontCm14)
                  000059fc    000000c8               : fontcm18.obj (.const:g_sFontCm18)
                  00005ac4    000000c8               : fontcm20.obj (.const:g_sFontCm20)
                  00005b8c    000000c8               : fontcm22.obj (.const:g_sFontCm22)
                  00005c54    000000c8               : fontcm24.obj (.const:g_sFontCm24)
                  00005d1c    00000090     driverlib.lib : gpio.obj (.const:g_pui32GPIOBaseAddrs)
                  00005dac    00000070                   : interrupt.obj (.const)
                  00005e1c    0000006c                   : sysctl.obj (.const:g_pui32Xtals)
                  00005e88    00000048     ustdlib.obj (.const:$O1$$)
                  00005ed0    00000038     touch.obj (.const:g_lTouchParameters)
                  00005f08    00000028     Kentec320x240x16_ssd2119_SPI.obj (.const:g_sKentec320x240x16_SSD2119)
                  00005f30    00000010     grlib.lib : context.obj (.const)

.text      0    00005f40    00004c24     
                  00005f40    00000744     grlib_demo.obj (.text)
                  00006684    00000714     Kentec320x240x16_ssd2119_SPI.obj (.text)
                  00006d98    000006e0     ustdlib.obj (.text)
                  00007478    00000374     grlib.lib : image.obj (.text:InternalImageDraw)
                  000077ec    00000308     touch.obj (.text)
                  00007af4    000002f8     grlib.lib : image.obj (.text:PixelTransparentDraw)
                  00007dec    000002c6               : slider.obj (.text:SliderPaint)
                  000080b2    00000254               : string.obj (.text:GrFontGlyphRender)
                  00008306    0000020e               : checkbox.obj (.text:CheckBoxPaint)
                  00008514    00000208               : circle.obj (.text:GrCircleDraw)
                  0000871c    000001b6               : radiobutton.obj (.text:RadioButtonPaint)
                  000088d2    00000190               : canvas.obj (.text:CanvasPaint)
                  00008a62    0000017e               : pushbutton.obj (.text:RectangularButtonPaint)
                  00008be0    0000016e               : pushbutton.obj (.text:CircularButtonPaint)
                  00008d4e    00000154               : container.obj (.text:ContainerPaint)
                  00008ea2    00000144               : circle.obj (.text:GrCircleFill)
                  00008fe6    00000132     driverlib.lib : gpio.obj (.text:GPIOPadConfigSet)
                  00009118    00000110                   : sysctl.obj (.text:SysCtlClockGet)
                  00009228    00000106     grlib.lib : line.obj (.text:GrLineDraw)
                  0000932e    00000002     rtsv7M4_T_le_v4SPD16_eabi.lib : i_div0.obj (.text)
                  00009330    000000f4     driverlib.lib : sysctl.obj (.text:SysCtlClockSet)
                  00009424    000000f2     grlib.lib : pushbutton.obj (.text:RectangularButtonClick)
                  00009516    00000002     rtsv7M4_T_le_v4SPD16_eabi.lib : mpu_init.obj (.text)
                  00009518    000000e8     grlib.lib : widget.obj (.text:WidgetMessageQueueAdd)
                  00009600    000000d6               : slider.obj (.text:SliderClick)
                  000096d6    000000d4               : pushbutton.obj (.text:CircularButtonClick)
                  000097aa    000000c0               : string.obj (.text:GrDefaultStringRenderer)
                  0000986a    000000b8               : line.obj (.text:GrLineClip)
                  00009922    00000002     rtsv7M4_T_le_v4SPD16_eabi.lib : startup.obj (.text)
                  00009924    000000b4     grlib.lib : widget.obj (.text:WidgetMessageSendPostOrder)
                  000099d8    000000b0               : slider.obj (.text:SliderValueToPosition)
                  00009a88    0000009c     rtsv7M4_T_le_v4SPD16_eabi.lib : memcpy_t2.obj (.text)
                  00009b24    00000090     grlib.lib : radiobutton.obj (.text:RadioButtonClick)
                  00009bb4    00000086               : rectangle.obj (.text:GrRectFill)
                  00009c3a    00000080               : rectangle.obj (.text:GrRectIntersectGet)
                  00009cba    0000007a     driverlib.lib : adc.obj (.text:ADCSequenceStepConfigure)
                  00009d34    0000007a     rtsv7M4_T_le_v4SPD16_eabi.lib : memset_t2.obj (.text)
                  00009dae    00000002     --HOLE-- [fill = 0]
                  00009db0    00000070                                   : autoinit.obj (.text)
                  00009e20    00000068     grlib.lib : context.obj (.text:GrContextInit)
                  00009e88    00000068               : string.obj (.text:GrStringWidthGet)
                  00009ef0    00000068     driverlib.lib : interrupt.obj (.text:IntEnable)
                  00009f58    00000068     rtsv7M4_T_le_v4SPD16_eabi.lib : copy_decompress_lzss.obj (.text:decompress:lzss)
                  00009fc0    00000066     grlib.lib : context.obj (.text:GrContextClipRegionSet)
                  0000a026    00000066               : rectangle.obj (.text:GrRectDraw)
                  0000a08c    00000064               : widget.obj (.text:WidgetMessageQueueProcess)
                  0000a0f0    00000060     driverlib.lib : timer.obj (.text:TimerConfigure)
                  0000a150    0000005e     grlib.lib : widget.obj (.text:WidgetMessageSendPreOrder)
                  0000a1ae    0000005a               : string.obj (.text:FontWideGlyphDataGet)
                  0000a208    00000058     driverlib.lib : adc.obj (.text:ADCSequenceConfigure)
                  0000a260    00000058     grlib.lib : slider.obj (.text:SliderPositionToValue)
                  0000a2b8    00000058     driverlib.lib : timer.obj (.text:TimerControlTrigger)
                  0000a310    00000054     rtsv7M4_T_le_v4SPD16_eabi.lib : boot.obj (.text)
                  0000a364    00000054                                   : exit.obj (.text)
                  0000a3b8    00000050     grlib.lib : checkbox.obj (.text:CheckBoxClick)
                  0000a408    0000004c               : widget.obj (.text:WidgetRemove)
                  0000a454    0000004c     rtsv7M4_T_le_v4SPD16_eabi.lib : cpy_tbl.obj (.text)
                  0000a4a0    0000004a     grlib.lib : string.obj (.text:UpdateContextCharMapping)
                  0000a4ea    00000002     --HOLE-- [fill = 0]
                  0000a4ec    00000048     driverlib.lib : gpio.obj (.text:GPIOPinConfigure)
                  0000a534    00000046     grlib.lib : line.obj (.text:GrLineDrawH)
                  0000a57a    00000046               : line.obj (.text:GrLineDrawV)
                  0000a5c0    00000040     rtsv7M4_T_le_v4SPD16_eabi.lib : u_divt2.obj (.text)
                  0000a600    0000003c     driverlib.lib : ssi.obj (.text:SSIConfigSetExpClk)
                  0000a63c    0000003a     grlib.lib : string.obj (.text:FontGlyphDataGet)
                  0000a676    00000038               : rectangle.obj (.text:GrRectOverlapCheck)
                  0000a6ae    00000002     --HOLE-- [fill = 0]
                  0000a6b0    00000038     driverlib.lib : sysctl.obj (.text:SysCtlPeripheralReady)
                  0000a6e8    00000036     grlib.lib : line.obj (.text:GrClipCodeGet)
                  0000a71e    00000002     --HOLE-- [fill = 0]
                  0000a720    00000034     driverlib.lib : sysctl.obj (.text:SysCtlPeripheralEnable)
                  0000a754    0000002e     grlib.lib : checkbox.obj (.text:CheckBoxMsgProc)
                  0000a782    0000002e               : string.obj (.text:GrStringNextCharGet)
                  0000a7b0    0000002e               : radiobutton.obj (.text:RadioButtonMsgProc)
                  0000a7de    0000002c               : pushbutton.obj (.text:CircularButtonMsgProc)
                  0000a80a    0000002c               : string.obj (.text:GrFontBaselineGet)
                  0000a836    0000002c               : string.obj (.text:GrFontHeightGet)
                  0000a862    0000002c               : pushbutton.obj (.text:RectangularButtonMsgProc)
                  0000a88e    0000002c               : slider.obj (.text:SliderMsgProc)
                  0000a8ba    0000002c               : widget.obj (.text:WidgetIsInTree)
                  0000a8e6    0000002a     driverlib.lib : gpio.obj (.text:GPIODirModeSet)
                  0000a910    00000026     grlib.lib : string.obj (.text:GrFontInfoGet)
                  0000a936    00000022               : string.obj (.text:GrFontGlyphDataGet)
                  0000a958    0000001e               : string.obj (.text:GrFontCodepageGet)
                  0000a976    0000001e               : widget.obj (.text:WidgetAdd)
                  0000a994    0000001c               : widget.obj (.text:WidgetPointerMessage)
                  0000a9b0    00000018     driverlib.lib : gpio.obj (.text:GPIOPinTypeGPIOOutput)
                  0000a9c8    00000018     rtsv7M4_T_le_v4SPD16_eabi.lib : args_main.obj (.text)
                  0000a9e0    00000016     grlib.lib : string.obj (.text:GrStringDraw)
                  0000a9f6    00000014               : canvas.obj (.text:CanvasMsgProc)
                  0000aa0a    00000014               : container.obj (.text:ContainerMsgProc)
                  0000aa1e    00000014               : widget.obj (.text:WidgetMutexGet)
                  0000aa32    00000002     --HOLE-- [fill = 0]
                  0000aa34    00000014     rtsv7M4_T_le_v4SPD16_eabi.lib : _lock.obj (.text)
                  0000aa48    00000012     driverlib.lib : gpio.obj (.text:GPIOPinTypeSSI)
                  0000aa5a    00000012                   : timer.obj (.text:TimerLoadSet)
                  0000aa6c    00000010                   : adc.obj (.text:ADCIntEnable)
                  0000aa7c    00000010                   : fpu.obj (.text:FPUEnable)
                  0000aa8c    00000010                   : fpu.obj (.text:FPULazyStackingEnable)
                  0000aa9c    00000010                   : udma.obj (.text:uDMAEnable)
                  0000aaac    0000000e                   : adc.obj (.text:ADCHardwareOversampleConfigure)
                  0000aaba    0000000e                   : adc.obj (.text:ADCSequenceEnable)
                  0000aac8    0000000e     grlib.lib : image.obj (.text:GrImageDraw)
                  0000aad6    0000000e     driverlib.lib : timer.obj (.text:TimerEnable)
                  0000aae4    0000000e     rtsv7M4_T_le_v4SPD16_eabi.lib : copy_decompress_none.obj (.text:decompress:none)
                  0000aaf2    0000000c                                   : copy_zero_init.obj (.text:decompress:ZI)
                  0000aafe    0000000c     tm4c123gh6pm_startup_ccs.obj (.text)
                  0000ab0a    00000002     --HOLE-- [fill = 0]
                  0000ab0c    0000000c     driverlib.lib : udma.obj (.text:uDMAControlBaseSet)
                  0000ab18    0000000a                   : ssi.obj (.text:SSIDataPut)
                  0000ab22    0000000a                   : ssi.obj (.text:SSIDisable)
                  0000ab2c    0000000a                   : ssi.obj (.text:SSIEnable)
                  0000ab36    00000008     grlib.lib : charmap.obj (.text:GrMapISO8859_1_Unicode)
                  0000ab3e    00000006     driverlib.lib : gpio.obj (.text:GPIOPinWrite)
                  0000ab44    00000006     grlib.lib : string.obj (.text:GrContextFontSet)
                  0000ab4a    00000006     driverlib.lib : ssi.obj (.text:SSIClockSourceSet)
                  0000ab50    00000006                   : sysctl.obj (.text:SysCtlDelay)
                  0000ab56    00000006     grlib.lib : widget.obj (.text:WidgetMutexPut)
                  0000ab5c    00000004               : widget.obj (.text:WidgetDefaultMsgProc)
                  0000ab60    00000004     rtsv7M4_T_le_v4SPD16_eabi.lib : pre_init.obj (.text)

.cinit     0    0000ab68    00000520     
                  0000ab68    000004fa     (.cinit..data.load) [load image, compression = lzss]
                  0000b062    00000002     --HOLE-- [fill = 0]
                  0000b064    0000000c     (__TI_handler_table)
                  0000b070    00000008     (.cinit..bss.load) [load image, compression = zero_init]
                  0000b078    00000010     (__TI_cinit_table)

.init_array 
*          0    00000000    00000000     UNINITIALIZED

.data      0    20000000    000016cc     UNINITIALIZED
                  20000000    00001400     grlib_demo.obj (.data:$O1$$)
                  20001400    00000070     grlib_demo.obj (.data:g_psRadioContainers)
                  20001470    00000040     grlib_demo.obj (.data:g_sCanvas1)
                  200014b0    00000040     grlib_demo.obj (.data:g_sCanvas2)
                  200014f0    00000040     grlib_demo.obj (.data:g_sCanvas3)
                  20001530    00000040     grlib_demo.obj (.data:g_sIntroduction)
                  20001570    00000040     grlib_demo.obj (.data:g_sPrimitives)
                  200015b0    00000038     grlib_demo.obj (.data:g_sContainer1)
                  200015e8    00000038     grlib_demo.obj (.data:g_sContainer2)
                  20001620    00000038     grlib_demo.obj (.data:g_sContainer3)
                  20001658    0000002d     grlib.lib : widget.obj (.data)
                  20001685    00000003     --HOLE--
                  20001688    00000020     touch.obj (.data:$O1$$)
                  200016a8    0000000c     rtsv7M4_T_le_v4SPD16_eabi.lib : exit.obj (.data:$O1$$)
                  200016b4    00000008     Kentec320x240x16_ssd2119_SPI.obj (.data:$O1$$)
                  200016bc    00000008     rtsv7M4_T_le_v4SPD16_eabi.lib : _lock.obj (.data:$O1$$)
                  200016c4    00000004                                   : stkdepth_vars.obj (.data)
                  200016c8    00000004     ustdlib.obj (.data)

.stack     0    200016cc    00000400     UNINITIALIZED
                  200016cc    00000400     --HOLE--

.bss       0    20001acc    00000168     UNINITIALIZED
                  20001acc    00000140     grlib.lib : widget.obj (.bss:g_psMQ)
                  20001c0c    00000020     (.common:g_pui8Dictionary)
                  20001c2c    00000004     (.common:g_psGrLibDefaults)
                  20001c30    00000002     (.common:g_sTouchX)
                  20001c32    00000002     (.common:g_sTouchY)

MODULE SUMMARY

       Module                             code    ro data   rw data
       ------                             ----    -------   -------
    .\
       images.obj                         0       9022      0      
       grlib_demo.obj                     1860    378       5720   
       Kentec320x240x16_ssd2119_SPI.obj   1812    40        8      
       ustdlib.obj                        1760    72        4      
       touch.obj                          776     56        36     
       tm4c123gh6pm_startup_ccs.obj       12      620       0      
    +--+----------------------------------+-------+---------+---------+
       Total:                             6220    10188     5768   
                                                                   
    C:/ti/TivaWare_C_Series-2.1.3.156/driverlib/ccs/Debug/driverlib.lib
       sysctl.obj                         630     108       0      
       gpio.obj                           468     144       0      
       adc.obj                            254     0         0      
       interrupt.obj                      104     112       0      
       timer.obj                          216     0         0      
       ssi.obj                            96      0         0      
       fpu.obj                            32      0         0      
       udma.obj                           28      0         0      
    +--+----------------------------------+-------+---------+---------+
       Total:                             1828    364       0      
                                                                   
    C:/ti/TivaWare_C_Series-2.1.3.156/grlib/ccs/Debug/grlib.lib
       fontcm24.obj                       0       2856      0      
       fontcm22.obj                       0       2600      0      
       fontcm20.obj                       0       2598      0      
       fontcm18.obj                       0       2358      0      
       fontcm14.obj                       0       1826      0      
       image.obj                          1658    0         32     
       fontcm12.obj                       0       1575      0      
       string.obj                         1378    0         0      
       pushbutton.obj                     1290    0         0      
       slider.obj                         1232    0         0      
       widget.obj                         814     0         365    
       circle.obj                         844     0         0      
       checkbox.obj                       652     0         0      
       line.obj                           640     0         0      
       radiobutton.obj                    628     0         0      
       canvas.obj                         420     0         0      
       rectangle.obj                      420     0         0      
       container.obj                      360     0         0      
       context.obj                        206     16        4      
       charmap.obj                        8       0         0      
    +--+----------------------------------+-------+---------+---------+
       Total:                             10550   13829     401    
                                                                   
    C:\ti\ccsv7\tools\compiler\ti-cgt-arm_16.9.0.LTS\lib\rtsv7M4_T_le_v4SPD16_eabi.lib
       memcpy_t2.obj                      156     0         0      
       memset_t2.obj                      122     0         0      
       autoinit.obj                       112     0         0      
       copy_decompress_lzss.obj           104     0         0      
       exit.obj                           84      0         12     
       boot.obj                           84      0         0      
       cpy_tbl.obj                        76      0         0      
       u_divt2.obj                        64      0         0      
       _lock.obj                          20      0         8      
       args_main.obj                      24      0         0      
       copy_decompress_none.obj           14      0         0      
       copy_zero_init.obj                 12      0         0      
       pre_init.obj                       4       0         0      
       stkdepth_vars.obj                  0       0         4      
       i_div0.obj                         2       0         0      
       mpu_init.obj                       2       0         0      
       startup.obj                        2       0         0      
    +--+----------------------------------+-------+---------+---------+
       Total:                             882     0         24     
                                                                   
       Stack:                             0       0         1024   
       Linker Generated:                  0       1310      0      
    +--+----------------------------------+-------+---------+---------+
       Grand Total:                       19480   25691     7217   


LINKER GENERATED COPY TABLES

__TI_cinit_table @ 0000b078 records: 2, size/record: 8, table size: 16
	.data: load addr=0000ab68, load size=000004fa bytes, run addr=20000000, run size=000016cc bytes, compression=lzss
	.bss: load addr=0000b070, load size=00000008 bytes, run addr=20001acc, run size=00000168 bytes, compression=zero_init


LINKER GENERATED HANDLER TABLE

__TI_handler_table @ 0000b064 records: 3, size/record: 4, table size: 12
	index: 0, handler: __TI_decompress_lzss
	index: 1, handler: __TI_decompress_none
	index: 2, handler: __TI_zero_init


GLOBAL SYMBOLS: SORTED ALPHABETICALLY BY Name 

address   name                           
-------   ----                           
0000aaad  ADCHardwareOversampleConfigure 
0000aa6d  ADCIntEnable                   
0000a209  ADCSequenceConfigure           
0000aabb  ADCSequenceEnable              
00009cbb  ADCSequenceStepConfigure       
0000a365  C$$EXIT                        
0000a9f7  CanvasMsgProc                  
0000a755  CheckBoxMsgProc                
0000a7df  CircularButtonMsgProc          
0000aa0b  ContainerMsgProc               
0000aa7d  FPUEnable                      
0000aa8d  FPULazyStackingEnable          
0000a8e7  GPIODirModeSet                 
00008fe7  GPIOPadConfigSet               
0000a4ed  GPIOPinConfigure               
0000a9b1  GPIOPinTypeGPIOOutput          
0000aa49  GPIOPinTypeSSI                 
0000ab3f  GPIOPinWrite                   
00008515  GrCircleDraw                   
00008ea3  GrCircleFill                   
00009fc1  GrContextClipRegionSet         
0000ab45  GrContextFontSet               
00009e21  GrContextInit                  
000097ab  GrDefaultStringRenderer        
0000a80b  GrFontBaselineGet              
0000a959  GrFontCodepageGet              
0000a937  GrFontGlyphDataGet             
000080b3  GrFontGlyphRender              
0000a837  GrFontHeightGet                
0000a911  GrFontInfoGet                  
0000aac9  GrImageDraw                    
00009229  GrLineDraw                     
0000a535  GrLineDrawH                    
0000a57b  GrLineDrawV                    
0000ab37  GrMapISO8859_1_Unicode         
0000a027  GrRectDraw                     
00009bb5  GrRectFill                     
00009c3b  GrRectIntersectGet             
0000a677  GrRectOverlapCheck             
0000a9e1  GrStringDraw                   
0000a783  GrStringNextCharGet            
00009e89  GrStringWidthGet               
00009ef1  IntEnable                      
00006a99  Kentec320x240x16_SSD2119Init   
00006a83  LCD_WriteReg                   
000066b7  LED_OFF                        
000066ad  LED_ON                         
00006177  OnButtonPress                  
00006439  OnCanvasPaint                  
000061c5  OnCheckChange                  
00006215  OnIntroPaint                   
00005f41  OnNext                         
00005fed  OnPrevious                     
00006263  OnPrimitivePaint               
00006117  OnRadioChange                  
00006097  OnSliderChange                 
0000a7b1  RadioButtonMsgProc             
0000a863  RectangularButtonMsgProc       
0000aaff  ResetISR                       
UNDEFED   SHT$$INIT_ARRAY$$Base          
UNDEFED   SHT$$INIT_ARRAY$$Limit         
0000ab4b  SSIClockSourceSet              
0000a601  SSIConfigSetExpClk             
0000ab19  SSIDataPut                     
0000ab23  SSIDisable                     
0000ab2d  SSIEnable                      
0000a88f  SliderMsgProc                  
00009119  SysCtlClockGet                 
00009331  SysCtlClockSet                 
0000ab51  SysCtlDelay                    
0000a721  SysCtlPeripheralEnable         
0000a6b1  SysCtlPeripheralReady          
0000a0f1  TimerConfigure                 
0000a2b9  TimerControlTrigger            
0000aad7  TimerEnable                    
0000aa5b  TimerLoadSet                   
00007aaf  TouchScreenCallbackSet         
000079e7  TouchScreenInit                
000077ed  TouchScreenIntHandler          
0000a977  WidgetAdd                      
0000ab5d  WidgetDefaultMsgProc           
00009519  WidgetMessageQueueAdd          
0000a08d  WidgetMessageQueueProcess      
00009925  WidgetMessageSendPostOrder     
0000a151  WidgetMessageSendPreOrder      
0000aa1f  WidgetMutexGet                 
0000ab57  WidgetMutexPut                 
0000a995  WidgetPointerMessage           
0000a409  WidgetRemove                   
200016b8  WriteCommand                   
200016b4  WriteData                      
20001acc  __STACK_END                    
00000400  __STACK_SIZE                   
20001acc  __STACK_TOP                    
0000b078  __TI_CINIT_Base                
0000b088  __TI_CINIT_Limit               
0000b064  __TI_Handler_Table_Base        
0000b070  __TI_Handler_Table_Limit       
00009db1  __TI_auto_init                 
200016a8  __TI_cleanup_ptr               
00009f59  __TI_decompress_lzss           
0000aae5  __TI_decompress_none           
200016ac  __TI_dtors_ptr                 
200016b0  __TI_enable_exit_profile_output
ffffffff  __TI_pprof_out_hndl            
ffffffff  __TI_prof_data_size            
ffffffff  __TI_prof_data_start           
00000000  __TI_static_base__             
0000aaf3  __TI_zero_init                 
0000932f  __aeabi_idiv0                  
00009d35  __aeabi_memclr                 
00009d35  __aeabi_memclr4                
00009d35  __aeabi_memclr8                
00009a89  __aeabi_memcpy                 
00009a89  __aeabi_memcpy4                
00009a89  __aeabi_memcpy8                
00009d37  __aeabi_memset                 
00009d37  __aeabi_memset4                
00009d37  __aeabi_memset8                
0000a5c1  __aeabi_uidiv                  
0000a5c1  __aeabi_uidivmod               
ffffffff  __binit__                      
ffffffff  __c_args__                     
00009517  __mpu_init                     
200016cc  __stack                        
0000a9c9  _args_main                     
0000a311  _c_int00                       
200016bc  _lock                          
0000aa43  _nop                           
0000aa3b  _register_lock                 
0000aa35  _register_unlock               
00009923  _system_post_cinit             
0000ab61  _system_pre_init               
200016c0  _unlock                        
0000a369  abort                          
ffffffff  binit                          
0000a455  copy_in                        
0000a371  exit                           
00005ed0  g_lTouchParameters             
20000014  g_pcPanelNames                 
00000000  g_pfnVectors                   
2000168c  g_plParmSet                    
20000158  g_psCheckBoxIndicators         
20000218  g_psCheckBoxes                 
00005f30  g_psDefaultCodePointMapTable   
200007b8  g_psPanels                     
20000be0  g_psPushButtonIndicators       
200005d8  g_psPushButtons                
20000458  g_psRadioButtonIndicators      
200002d8  g_psRadioButtons1              
20000398  g_psRadioButtons2              
20001400  g_psRadioContainers            
200009b8  g_psSliders                    
000050f6  g_pucBlue50x50                 
00005306  g_pucBlue50x50Press            
0000385b  g_pucGettingHotter28x148       
00004b19  g_pucGettingHotter28x148Mono   
00003035  g_pucGreenSlider195x37         
0000568e  g_pucLightOff                  
00005783  g_pucLightOn                   
00004ec6  g_pucLogo                      
000027f8  g_pucRedSlider195x37           
20001470  g_sCanvas1                     
200014b0  g_sCanvas2                     
200014f0  g_sCanvas3                     
200015b0  g_sContainer1                  
200015e8  g_sContainer2                  
20001620  g_sContainer3                  
0000586c  g_sFontCm12                    
00005934  g_sFontCm14                    
000059fc  g_sFontCm18                    
00005ac4  g_sFontCm20                    
00005b8c  g_sFontCm22                    
00005c54  g_sFontCm24                    
20001530  g_sIntroduction                
00005f08  g_sKentec320x240x16_SSD2119    
20000108  g_sNext                        
200000b8  g_sPrevious                    
20001570  g_sPrimitives                  
20001658  g_sRoot                        
20000038  g_sSliderValueCanvas           
20000078  g_sTitle                       
2000168a  g_sTouchMin                    
20001c30  g_sTouchX                      
20001c32  g_sTouchY                      
20000000  g_ulButtonState                
20000004  g_ulPanel                      
00006509  main                           
200016c4  main_func_sp                   
00009a89  memcpy                         
00009d3d  memset                         
20001000  sDMAControlTable               
0000ab0d  uDMAControlBaseSet             
0000aa9d  uDMAEnable                     
0000731d  ulocaltime                     
00007411  umktime                        
00007309  urand                          
000072ef  usnprintf                      
000072cf  usprintf                       
000072c9  usrand                         
000072c1  ustrcasecmp                    
000072b9  ustrcmp                        
000071e7  ustrlen                        
0000726f  ustrncasecmp                   
000071f9  ustrncmp                       
00006d99  ustrncpy                       
0000722f  ustrstr                        
0000709b  ustrtof                        
00006ff7  ustrtoul                       
00006dc3  uvsnprintf                     


GLOBAL SYMBOLS: SORTED BY Symbol Address 

address   name                           
-------   ----                           
00000000  __TI_static_base__             
00000000  g_pfnVectors                   
00000400  __STACK_SIZE                   
000027f8  g_pucRedSlider195x37           
00003035  g_pucGreenSlider195x37         
0000385b  g_pucGettingHotter28x148       
00004b19  g_pucGettingHotter28x148Mono   
00004ec6  g_pucLogo                      
000050f6  g_pucBlue50x50                 
00005306  g_pucBlue50x50Press            
0000568e  g_pucLightOff                  
00005783  g_pucLightOn                   
0000586c  g_sFontCm12                    
00005934  g_sFontCm14                    
000059fc  g_sFontCm18                    
00005ac4  g_sFontCm20                    
00005b8c  g_sFontCm22                    
00005c54  g_sFontCm24                    
00005ed0  g_lTouchParameters             
00005f08  g_sKentec320x240x16_SSD2119    
00005f30  g_psDefaultCodePointMapTable   
00005f41  OnNext                         
00005fed  OnPrevious                     
00006097  OnSliderChange                 
00006117  OnRadioChange                  
00006177  OnButtonPress                  
000061c5  OnCheckChange                  
00006215  OnIntroPaint                   
00006263  OnPrimitivePaint               
00006439  OnCanvasPaint                  
00006509  main                           
000066ad  LED_ON                         
000066b7  LED_OFF                        
00006a83  LCD_WriteReg                   
00006a99  Kentec320x240x16_SSD2119Init   
00006d99  ustrncpy                       
00006dc3  uvsnprintf                     
00006ff7  ustrtoul                       
0000709b  ustrtof                        
000071e7  ustrlen                        
000071f9  ustrncmp                       
0000722f  ustrstr                        
0000726f  ustrncasecmp                   
000072b9  ustrcmp                        
000072c1  ustrcasecmp                    
000072c9  usrand                         
000072cf  usprintf                       
000072ef  usnprintf                      
00007309  urand                          
0000731d  ulocaltime                     
00007411  umktime                        
000077ed  TouchScreenIntHandler          
000079e7  TouchScreenInit                
00007aaf  TouchScreenCallbackSet         
000080b3  GrFontGlyphRender              
00008515  GrCircleDraw                   
00008ea3  GrCircleFill                   
00008fe7  GPIOPadConfigSet               
00009119  SysCtlClockGet                 
00009229  GrLineDraw                     
0000932f  __aeabi_idiv0                  
00009331  SysCtlClockSet                 
00009517  __mpu_init                     
00009519  WidgetMessageQueueAdd          
000097ab  GrDefaultStringRenderer        
00009923  _system_post_cinit             
00009925  WidgetMessageSendPostOrder     
00009a89  __aeabi_memcpy                 
00009a89  __aeabi_memcpy4                
00009a89  __aeabi_memcpy8                
00009a89  memcpy                         
00009bb5  GrRectFill                     
00009c3b  GrRectIntersectGet             
00009cbb  ADCSequenceStepConfigure       
00009d35  __aeabi_memclr                 
00009d35  __aeabi_memclr4                
00009d35  __aeabi_memclr8                
00009d37  __aeabi_memset                 
00009d37  __aeabi_memset4                
00009d37  __aeabi_memset8                
00009d3d  memset                         
00009db1  __TI_auto_init                 
00009e21  GrContextInit                  
00009e89  GrStringWidthGet               
00009ef1  IntEnable                      
00009f59  __TI_decompress_lzss           
00009fc1  GrContextClipRegionSet         
0000a027  GrRectDraw                     
0000a08d  WidgetMessageQueueProcess      
0000a0f1  TimerConfigure                 
0000a151  WidgetMessageSendPreOrder      
0000a209  ADCSequenceConfigure           
0000a2b9  TimerControlTrigger            
0000a311  _c_int00                       
0000a365  C$$EXIT                        
0000a369  abort                          
0000a371  exit                           
0000a409  WidgetRemove                   
0000a455  copy_in                        
0000a4ed  GPIOPinConfigure               
0000a535  GrLineDrawH                    
0000a57b  GrLineDrawV                    
0000a5c1  __aeabi_uidiv                  
0000a5c1  __aeabi_uidivmod               
0000a601  SSIConfigSetExpClk             
0000a677  GrRectOverlapCheck             
0000a6b1  SysCtlPeripheralReady          
0000a721  SysCtlPeripheralEnable         
0000a755  CheckBoxMsgProc                
0000a783  GrStringNextCharGet            
0000a7b1  RadioButtonMsgProc             
0000a7df  CircularButtonMsgProc          
0000a80b  GrFontBaselineGet              
0000a837  GrFontHeightGet                
0000a863  RectangularButtonMsgProc       
0000a88f  SliderMsgProc                  
0000a8e7  GPIODirModeSet                 
0000a911  GrFontInfoGet                  
0000a937  GrFontGlyphDataGet             
0000a959  GrFontCodepageGet              
0000a977  WidgetAdd                      
0000a995  WidgetPointerMessage           
0000a9b1  GPIOPinTypeGPIOOutput          
0000a9c9  _args_main                     
0000a9e1  GrStringDraw                   
0000a9f7  CanvasMsgProc                  
0000aa0b  ContainerMsgProc               
0000aa1f  WidgetMutexGet                 
0000aa35  _register_unlock               
0000aa3b  _register_lock                 
0000aa43  _nop                           
0000aa49  GPIOPinTypeSSI                 
0000aa5b  TimerLoadSet                   
0000aa6d  ADCIntEnable                   
0000aa7d  FPUEnable                      
0000aa8d  FPULazyStackingEnable          
0000aa9d  uDMAEnable                     
0000aaad  ADCHardwareOversampleConfigure 
0000aabb  ADCSequenceEnable              
0000aac9  GrImageDraw                    
0000aad7  TimerEnable                    
0000aae5  __TI_decompress_none           
0000aaf3  __TI_zero_init                 
0000aaff  ResetISR                       
0000ab0d  uDMAControlBaseSet             
0000ab19  SSIDataPut                     
0000ab23  SSIDisable                     
0000ab2d  SSIEnable                      
0000ab37  GrMapISO8859_1_Unicode         
0000ab3f  GPIOPinWrite                   
0000ab45  GrContextFontSet               
0000ab4b  SSIClockSourceSet              
0000ab51  SysCtlDelay                    
0000ab57  WidgetMutexPut                 
0000ab5d  WidgetDefaultMsgProc           
0000ab61  _system_pre_init               
0000b064  __TI_Handler_Table_Base        
0000b070  __TI_Handler_Table_Limit       
0000b078  __TI_CINIT_Base                
0000b088  __TI_CINIT_Limit               
20000000  g_ulButtonState                
20000004  g_ulPanel                      
20000014  g_pcPanelNames                 
20000038  g_sSliderValueCanvas           
20000078  g_sTitle                       
200000b8  g_sPrevious                    
20000108  g_sNext                        
20000158  g_psCheckBoxIndicators         
20000218  g_psCheckBoxes                 
200002d8  g_psRadioButtons1              
20000398  g_psRadioButtons2              
20000458  g_psRadioButtonIndicators      
200005d8  g_psPushButtons                
200007b8  g_psPanels                     
200009b8  g_psSliders                    
20000be0  g_psPushButtonIndicators       
20001000  sDMAControlTable               
20001400  g_psRadioContainers            
20001470  g_sCanvas1                     
200014b0  g_sCanvas2                     
200014f0  g_sCanvas3                     
20001530  g_sIntroduction                
20001570  g_sPrimitives                  
200015b0  g_sContainer1                  
200015e8  g_sContainer2                  
20001620  g_sContainer3                  
20001658  g_sRoot                        
2000168a  g_sTouchMin                    
2000168c  g_plParmSet                    
200016a8  __TI_cleanup_ptr               
200016ac  __TI_dtors_ptr                 
200016b0  __TI_enable_exit_profile_output
200016b4  WriteData                      
200016b8  WriteCommand                   
200016bc  _lock                          
200016c0  _unlock                        
200016c4  main_func_sp                   
200016cc  __stack                        
20001acc  __STACK_END                    
20001acc  __STACK_TOP                    
20001c30  g_sTouchX                      
20001c32  g_sTouchY                      
ffffffff  __TI_pprof_out_hndl            
ffffffff  __TI_prof_data_size            
ffffffff  __TI_prof_data_start           
ffffffff  __binit__                      
ffffffff  __c_args__                     
ffffffff  binit                          
UNDEFED   SHT$$INIT_ARRAY$$Base          
UNDEFED   SHT$$INIT_ARRAY$$Limit         

[210 symbols]
