<?xml version="1.0"?>
<link_info>
   <banner>TI ARM Linker PC v16.9.0.LTS</banner>
   <copyright>Copyright (c) 1996-2015 Texas Instruments Incorporated</copyright>
   <link_time>0x587997d8</link_time>
   <link_errors>0x0</link_errors>
   <output_file>lab10.out</output_file>
   <entry_point>
      <name>_c_int00</name>
      <address>0xa311</address>
   </entry_point>
   <input_file_list>
      <input_file id="fl-2">
         <path>.\</path>
         <kind>object</kind>
         <file>Kentec320x240x16_ssd2119_SPI.obj</file>
         <name>Kentec320x240x16_ssd2119_SPI.obj</name>
      </input_file>
      <input_file id="fl-3">
         <path>.\</path>
         <kind>object</kind>
         <file>grlib_demo.obj</file>
         <name>grlib_demo.obj</name>
      </input_file>
      <input_file id="fl-4">
         <path>.\</path>
         <kind>object</kind>
         <file>images.obj</file>
         <name>images.obj</name>
      </input_file>
      <input_file id="fl-5">
         <path>.\</path>
         <kind>object</kind>
         <file>tm4c123gh6pm_startup_ccs.obj</file>
         <name>tm4c123gh6pm_startup_ccs.obj</name>
      </input_file>
      <input_file id="fl-6">
         <path>.\</path>
         <kind>object</kind>
         <file>touch.obj</file>
         <name>touch.obj</name>
      </input_file>
      <input_file id="fl-7">
         <path>.\</path>
         <kind>object</kind>
         <file>ustdlib.obj</file>
         <name>ustdlib.obj</name>
      </input_file>
      <input_file id="fl-e">
         <path>C:\ti\TivaWare_C_Series-2.1.3.156\driverlib\ccs\Debug\</path>
         <kind>archive</kind>
         <file>driverlib.lib</file>
         <name>adc.obj</name>
      </input_file>
      <input_file id="fl-f">
         <path>C:\ti\TivaWare_C_Series-2.1.3.156\driverlib\ccs\Debug\</path>
         <kind>archive</kind>
         <file>driverlib.lib</file>
         <name>fpu.obj</name>
      </input_file>
      <input_file id="fl-10">
         <path>C:\ti\TivaWare_C_Series-2.1.3.156\driverlib\ccs\Debug\</path>
         <kind>archive</kind>
         <file>driverlib.lib</file>
         <name>gpio.obj</name>
      </input_file>
      <input_file id="fl-11">
         <path>C:\ti\TivaWare_C_Series-2.1.3.156\driverlib\ccs\Debug\</path>
         <kind>archive</kind>
         <file>driverlib.lib</file>
         <name>interrupt.obj</name>
      </input_file>
      <input_file id="fl-12">
         <path>C:\ti\TivaWare_C_Series-2.1.3.156\driverlib\ccs\Debug\</path>
         <kind>archive</kind>
         <file>driverlib.lib</file>
         <name>ssi.obj</name>
      </input_file>
      <input_file id="fl-13">
         <path>C:\ti\TivaWare_C_Series-2.1.3.156\driverlib\ccs\Debug\</path>
         <kind>archive</kind>
         <file>driverlib.lib</file>
         <name>sysctl.obj</name>
      </input_file>
      <input_file id="fl-14">
         <path>C:\ti\TivaWare_C_Series-2.1.3.156\driverlib\ccs\Debug\</path>
         <kind>archive</kind>
         <file>driverlib.lib</file>
         <name>timer.obj</name>
      </input_file>
      <input_file id="fl-15">
         <path>C:\ti\TivaWare_C_Series-2.1.3.156\driverlib\ccs\Debug\</path>
         <kind>archive</kind>
         <file>driverlib.lib</file>
         <name>udma.obj</name>
      </input_file>
      <input_file id="fl-16">
         <path>C:\ti\TivaWare_C_Series-2.1.3.156\driverlib\ccs\Debug\</path>
         <kind>archive</kind>
         <file>driverlib.lib</file>
         <name>cpu.obj</name>
      </input_file>
      <input_file id="fl-17">
         <path>C:\ti\TivaWare_C_Series-2.1.3.156\grlib\ccs\Debug\</path>
         <kind>archive</kind>
         <file>grlib.lib</file>
         <name>canvas.obj</name>
      </input_file>
      <input_file id="fl-18">
         <path>C:\ti\TivaWare_C_Series-2.1.3.156\grlib\ccs\Debug\</path>
         <kind>archive</kind>
         <file>grlib.lib</file>
         <name>checkbox.obj</name>
      </input_file>
      <input_file id="fl-19">
         <path>C:\ti\TivaWare_C_Series-2.1.3.156\grlib\ccs\Debug\</path>
         <kind>archive</kind>
         <file>grlib.lib</file>
         <name>circle.obj</name>
      </input_file>
      <input_file id="fl-1a">
         <path>C:\ti\TivaWare_C_Series-2.1.3.156\grlib\ccs\Debug\</path>
         <kind>archive</kind>
         <file>grlib.lib</file>
         <name>container.obj</name>
      </input_file>
      <input_file id="fl-1b">
         <path>C:\ti\TivaWare_C_Series-2.1.3.156\grlib\ccs\Debug\</path>
         <kind>archive</kind>
         <file>grlib.lib</file>
         <name>context.obj</name>
      </input_file>
      <input_file id="fl-1c">
         <path>C:\ti\TivaWare_C_Series-2.1.3.156\grlib\ccs\Debug\</path>
         <kind>archive</kind>
         <file>grlib.lib</file>
         <name>image.obj</name>
      </input_file>
      <input_file id="fl-1d">
         <path>C:\ti\TivaWare_C_Series-2.1.3.156\grlib\ccs\Debug\</path>
         <kind>archive</kind>
         <file>grlib.lib</file>
         <name>line.obj</name>
      </input_file>
      <input_file id="fl-1e">
         <path>C:\ti\TivaWare_C_Series-2.1.3.156\grlib\ccs\Debug\</path>
         <kind>archive</kind>
         <file>grlib.lib</file>
         <name>pushbutton.obj</name>
      </input_file>
      <input_file id="fl-1f">
         <path>C:\ti\TivaWare_C_Series-2.1.3.156\grlib\ccs\Debug\</path>
         <kind>archive</kind>
         <file>grlib.lib</file>
         <name>radiobutton.obj</name>
      </input_file>
      <input_file id="fl-20">
         <path>C:\ti\TivaWare_C_Series-2.1.3.156\grlib\ccs\Debug\</path>
         <kind>archive</kind>
         <file>grlib.lib</file>
         <name>rectangle.obj</name>
      </input_file>
      <input_file id="fl-21">
         <path>C:\ti\TivaWare_C_Series-2.1.3.156\grlib\ccs\Debug\</path>
         <kind>archive</kind>
         <file>grlib.lib</file>
         <name>slider.obj</name>
      </input_file>
      <input_file id="fl-22">
         <path>C:\ti\TivaWare_C_Series-2.1.3.156\grlib\ccs\Debug\</path>
         <kind>archive</kind>
         <file>grlib.lib</file>
         <name>string.obj</name>
      </input_file>
      <input_file id="fl-23">
         <path>C:\ti\TivaWare_C_Series-2.1.3.156\grlib\ccs\Debug\</path>
         <kind>archive</kind>
         <file>grlib.lib</file>
         <name>widget.obj</name>
      </input_file>
      <input_file id="fl-24">
         <path>C:\ti\TivaWare_C_Series-2.1.3.156\grlib\ccs\Debug\</path>
         <kind>archive</kind>
         <file>grlib.lib</file>
         <name>fontcm12.obj</name>
      </input_file>
      <input_file id="fl-25">
         <path>C:\ti\TivaWare_C_Series-2.1.3.156\grlib\ccs\Debug\</path>
         <kind>archive</kind>
         <file>grlib.lib</file>
         <name>fontcm14.obj</name>
      </input_file>
      <input_file id="fl-26">
         <path>C:\ti\TivaWare_C_Series-2.1.3.156\grlib\ccs\Debug\</path>
         <kind>archive</kind>
         <file>grlib.lib</file>
         <name>fontcm18.obj</name>
      </input_file>
      <input_file id="fl-27">
         <path>C:\ti\TivaWare_C_Series-2.1.3.156\grlib\ccs\Debug\</path>
         <kind>archive</kind>
         <file>grlib.lib</file>
         <name>fontcm20.obj</name>
      </input_file>
      <input_file id="fl-28">
         <path>C:\ti\TivaWare_C_Series-2.1.3.156\grlib\ccs\Debug\</path>
         <kind>archive</kind>
         <file>grlib.lib</file>
         <name>fontcm22.obj</name>
      </input_file>
      <input_file id="fl-29">
         <path>C:\ti\TivaWare_C_Series-2.1.3.156\grlib\ccs\Debug\</path>
         <kind>archive</kind>
         <file>grlib.lib</file>
         <name>fontcm24.obj</name>
      </input_file>
      <input_file id="fl-2a">
         <path>C:\ti\TivaWare_C_Series-2.1.3.156\grlib\ccs\Debug\</path>
         <kind>archive</kind>
         <file>grlib.lib</file>
         <name>charmap.obj</name>
      </input_file>
      <input_file id="fl-e0">
         <path>C:\ti\ccsv7\tools\compiler\ti-cgt-arm_16.9.0.LTS\lib\</path>
         <kind>archive</kind>
         <file>rtsv7M4_T_le_v4SPD16_eabi.lib</file>
         <name>boot.obj</name>
      </input_file>
      <input_file id="fl-e1">
         <path>C:\ti\ccsv7\tools\compiler\ti-cgt-arm_16.9.0.LTS\lib\</path>
         <kind>archive</kind>
         <file>rtsv7M4_T_le_v4SPD16_eabi.lib</file>
         <name>copy_decompress_lzss.obj</name>
      </input_file>
      <input_file id="fl-e2">
         <path>C:\ti\ccsv7\tools\compiler\ti-cgt-arm_16.9.0.LTS\lib\</path>
         <kind>archive</kind>
         <file>rtsv7M4_T_le_v4SPD16_eabi.lib</file>
         <name>copy_decompress_none.obj</name>
      </input_file>
      <input_file id="fl-e3">
         <path>C:\ti\ccsv7\tools\compiler\ti-cgt-arm_16.9.0.LTS\lib\</path>
         <kind>archive</kind>
         <file>rtsv7M4_T_le_v4SPD16_eabi.lib</file>
         <name>copy_zero_init.obj</name>
      </input_file>
      <input_file id="fl-e4">
         <path>C:\ti\ccsv7\tools\compiler\ti-cgt-arm_16.9.0.LTS\lib\</path>
         <kind>archive</kind>
         <file>rtsv7M4_T_le_v4SPD16_eabi.lib</file>
         <name>exit.obj</name>
      </input_file>
      <input_file id="fl-e5">
         <path>C:\ti\ccsv7\tools\compiler\ti-cgt-arm_16.9.0.LTS\lib\</path>
         <kind>archive</kind>
         <file>rtsv7M4_T_le_v4SPD16_eabi.lib</file>
         <name>memcpy_t2.obj</name>
      </input_file>
      <input_file id="fl-e6">
         <path>C:\ti\ccsv7\tools\compiler\ti-cgt-arm_16.9.0.LTS\lib\</path>
         <kind>archive</kind>
         <file>rtsv7M4_T_le_v4SPD16_eabi.lib</file>
         <name>memset_t2.obj</name>
      </input_file>
      <input_file id="fl-e7">
         <path>C:\ti\ccsv7\tools\compiler\ti-cgt-arm_16.9.0.LTS\lib\</path>
         <kind>archive</kind>
         <file>rtsv7M4_T_le_v4SPD16_eabi.lib</file>
         <name>mpu_init.obj</name>
      </input_file>
      <input_file id="fl-e8">
         <path>C:\ti\ccsv7\tools\compiler\ti-cgt-arm_16.9.0.LTS\lib\</path>
         <kind>archive</kind>
         <file>rtsv7M4_T_le_v4SPD16_eabi.lib</file>
         <name>pre_init.obj</name>
      </input_file>
      <input_file id="fl-e9">
         <path>C:\ti\ccsv7\tools\compiler\ti-cgt-arm_16.9.0.LTS\lib\</path>
         <kind>archive</kind>
         <file>rtsv7M4_T_le_v4SPD16_eabi.lib</file>
         <name>stkdepth_vars.obj</name>
      </input_file>
      <input_file id="fl-ea">
         <path>C:\ti\ccsv7\tools\compiler\ti-cgt-arm_16.9.0.LTS\lib\</path>
         <kind>archive</kind>
         <file>rtsv7M4_T_le_v4SPD16_eabi.lib</file>
         <name>u_divt2.obj</name>
      </input_file>
      <input_file id="fl-eb">
         <path>C:\ti\ccsv7\tools\compiler\ti-cgt-arm_16.9.0.LTS\lib\</path>
         <kind>archive</kind>
         <file>rtsv7M4_T_le_v4SPD16_eabi.lib</file>
         <name>_lock.obj</name>
      </input_file>
      <input_file id="fl-ec">
         <path>C:\ti\ccsv7\tools\compiler\ti-cgt-arm_16.9.0.LTS\lib\</path>
         <kind>archive</kind>
         <file>rtsv7M4_T_le_v4SPD16_eabi.lib</file>
         <name>args_main.obj</name>
      </input_file>
      <input_file id="fl-ed">
         <path>C:\ti\ccsv7\tools\compiler\ti-cgt-arm_16.9.0.LTS\lib\</path>
         <kind>archive</kind>
         <file>rtsv7M4_T_le_v4SPD16_eabi.lib</file>
         <name>autoinit.obj</name>
      </input_file>
      <input_file id="fl-ee">
         <path>C:\ti\ccsv7\tools\compiler\ti-cgt-arm_16.9.0.LTS\lib\</path>
         <kind>archive</kind>
         <file>rtsv7M4_T_le_v4SPD16_eabi.lib</file>
         <name>cpy_tbl.obj</name>
      </input_file>
      <input_file id="fl-ef">
         <path>C:\ti\ccsv7\tools\compiler\ti-cgt-arm_16.9.0.LTS\lib\</path>
         <kind>archive</kind>
         <file>rtsv7M4_T_le_v4SPD16_eabi.lib</file>
         <name>i_div0.obj</name>
      </input_file>
      <input_file id="fl-f0">
         <path>C:\ti\ccsv7\tools\compiler\ti-cgt-arm_16.9.0.LTS\lib\</path>
         <kind>archive</kind>
         <file>rtsv7M4_T_le_v4SPD16_eabi.lib</file>
         <name>startup.obj</name>
      </input_file>
   </input_file_list>
   <object_component_list>
      <object_component id="oc-f">
         <name>.intvecs</name>
         <load_address>0x0</load_address>
         <run_address>0x0</run_address>
         <size>0x26c</size>
         <input_file_ref idref="fl-5"/>
      </object_component>
      <object_component id="oc-10d">
         <name>.text</name>
         <load_address>0x5f40</load_address>
         <run_address>0x5f40</run_address>
         <size>0x744</size>
         <input_file_ref idref="fl-3"/>
      </object_component>
      <object_component id="oc-1e1">
         <name>.text</name>
         <load_address>0x6684</load_address>
         <run_address>0x6684</run_address>
         <size>0x714</size>
         <input_file_ref idref="fl-2"/>
      </object_component>
      <object_component id="oc-17e">
         <name>.text</name>
         <load_address>0x6d98</load_address>
         <run_address>0x6d98</run_address>
         <size>0x6e0</size>
         <input_file_ref idref="fl-7"/>
      </object_component>
      <object_component id="oc-300">
         <name>.text:InternalImageDraw</name>
         <load_address>0x7478</load_address>
         <run_address>0x7478</run_address>
         <size>0x374</size>
         <input_file_ref idref="fl-1c"/>
      </object_component>
      <object_component id="oc-31">
         <name>.text</name>
         <load_address>0x77ec</load_address>
         <run_address>0x77ec</run_address>
         <size>0x308</size>
         <input_file_ref idref="fl-6"/>
      </object_component>
      <object_component id="oc-45f">
         <name>.text:PixelTransparentDraw</name>
         <load_address>0x7af4</load_address>
         <run_address>0x7af4</run_address>
         <size>0x2f8</size>
         <input_file_ref idref="fl-1c"/>
      </object_component>
      <object_component id="oc-430">
         <name>.text:SliderPaint</name>
         <load_address>0x7dec</load_address>
         <run_address>0x7dec</run_address>
         <size>0x2c6</size>
         <input_file_ref idref="fl-21"/>
      </object_component>
      <object_component id="oc-491">
         <name>.text:GrFontGlyphRender</name>
         <load_address>0x80b2</load_address>
         <run_address>0x80b2</run_address>
         <size>0x254</size>
         <input_file_ref idref="fl-22"/>
      </object_component>
      <object_component id="oc-3f1">
         <name>.text:CheckBoxPaint</name>
         <load_address>0x8306</load_address>
         <run_address>0x8306</run_address>
         <size>0x20e</size>
         <input_file_ref idref="fl-18"/>
      </object_component>
      <object_component id="oc-1a2">
         <name>.text:GrCircleDraw</name>
         <load_address>0x8514</load_address>
         <run_address>0x8514</run_address>
         <size>0x208</size>
         <input_file_ref idref="fl-19"/>
      </object_component>
      <object_component id="oc-407">
         <name>.text:RadioButtonPaint</name>
         <load_address>0x871c</load_address>
         <run_address>0x871c</run_address>
         <size>0x1b6</size>
         <input_file_ref idref="fl-1f"/>
      </object_component>
      <object_component id="oc-3d7">
         <name>.text:CanvasPaint</name>
         <load_address>0x88d2</load_address>
         <run_address>0x88d2</run_address>
         <size>0x190</size>
         <input_file_ref idref="fl-17"/>
      </object_component>
      <object_component id="oc-3df">
         <name>.text:RectangularButtonPaint</name>
         <load_address>0x8a62</load_address>
         <run_address>0x8a62</run_address>
         <size>0x17e</size>
         <input_file_ref idref="fl-1e"/>
      </object_component>
      <object_component id="oc-415">
         <name>.text:CircularButtonPaint</name>
         <load_address>0x8be0</load_address>
         <run_address>0x8be0</run_address>
         <size>0x16e</size>
         <input_file_ref idref="fl-1e"/>
      </object_component>
      <object_component id="oc-4d2">
         <name>.text:ContainerPaint</name>
         <load_address>0x8d4e</load_address>
         <run_address>0x8d4e</run_address>
         <size>0x154</size>
         <input_file_ref idref="fl-1a"/>
      </object_component>
      <object_component id="oc-19c">
         <name>.text:GrCircleFill</name>
         <load_address>0x8ea2</load_address>
         <run_address>0x8ea2</run_address>
         <size>0x144</size>
         <input_file_ref idref="fl-19"/>
      </object_component>
      <object_component id="oc-12e">
         <name>.text:GPIOPadConfigSet</name>
         <load_address>0x8fe6</load_address>
         <run_address>0x8fe6</run_address>
         <size>0x132</size>
         <input_file_ref idref="fl-10"/>
      </object_component>
      <object_component id="oc-bc">
         <name>.text:SysCtlClockGet</name>
         <load_address>0x9118</load_address>
         <run_address>0x9118</run_address>
         <size>0x110</size>
         <input_file_ref idref="fl-13"/>
      </object_component>
      <object_component id="oc-196">
         <name>.text:GrLineDraw</name>
         <load_address>0x9228</load_address>
         <run_address>0x9228</run_address>
         <size>0x106</size>
         <input_file_ref idref="fl-1d"/>
      </object_component>
      <object_component id="oc-3ca">
         <name>.text</name>
         <load_address>0x932e</load_address>
         <run_address>0x932e</run_address>
         <size>0x2</size>
         <input_file_ref idref="fl-ef"/>
      </object_component>
      <object_component id="oc-1db">
         <name>.text:SysCtlClockSet</name>
         <load_address>0x9330</load_address>
         <run_address>0x9330</run_address>
         <size>0xf4</size>
         <input_file_ref idref="fl-13"/>
      </object_component>
      <object_component id="oc-3e5">
         <name>.text:RectangularButtonClick</name>
         <load_address>0x9424</load_address>
         <run_address>0x9424</run_address>
         <size>0xf2</size>
         <input_file_ref idref="fl-1e"/>
      </object_component>
      <object_component id="oc-5d">
         <name>.text</name>
         <load_address>0x9516</load_address>
         <run_address>0x9516</run_address>
         <size>0x2</size>
         <input_file_ref idref="fl-e7"/>
      </object_component>
      <object_component id="oc-178">
         <name>.text:WidgetMessageQueueAdd</name>
         <load_address>0x9518</load_address>
         <run_address>0x9518</run_address>
         <size>0xe8</size>
         <input_file_ref idref="fl-23"/>
      </object_component>
      <object_component id="oc-436">
         <name>.text:SliderClick</name>
         <load_address>0x9600</load_address>
         <run_address>0x9600</run_address>
         <size>0xd6</size>
         <input_file_ref idref="fl-21"/>
      </object_component>
      <object_component id="oc-41b">
         <name>.text:CircularButtonClick</name>
         <load_address>0x96d6</load_address>
         <run_address>0x96d6</run_address>
         <size>0xd4</size>
         <input_file_ref idref="fl-1e"/>
      </object_component>
      <object_component id="oc-35f">
         <name>.text:GrDefaultStringRenderer</name>
         <load_address>0x97aa</load_address>
         <run_address>0x97aa</run_address>
         <size>0xc0</size>
         <input_file_ref idref="fl-22"/>
      </object_component>
      <object_component id="oc-2e6">
         <name>.text:GrLineClip</name>
         <load_address>0x986a</load_address>
         <run_address>0x986a</run_address>
         <size>0xb8</size>
         <input_file_ref idref="fl-1d"/>
      </object_component>
      <object_component id="oc-105">
         <name>.text</name>
         <load_address>0x9922</load_address>
         <run_address>0x9922</run_address>
         <size>0x2</size>
         <input_file_ref idref="fl-f0"/>
      </object_component>
      <object_component id="oc-375">
         <name>.text:WidgetMessageSendPostOrder</name>
         <load_address>0x9924</load_address>
         <run_address>0x9924</run_address>
         <size>0xb4</size>
         <input_file_ref idref="fl-23"/>
      </object_component>
      <object_component id="oc-4f0">
         <name>.text:SliderValueToPosition</name>
         <load_address>0x99d8</load_address>
         <run_address>0x99d8</run_address>
         <size>0xb0</size>
         <input_file_ref idref="fl-21"/>
      </object_component>
      <object_component id="oc-45">
         <name>.text</name>
         <load_address>0x9a88</load_address>
         <run_address>0x9a88</run_address>
         <size>0x9c</size>
         <input_file_ref idref="fl-e5"/>
      </object_component>
      <object_component id="oc-40d">
         <name>.text:RadioButtonClick</name>
         <load_address>0x9b24</load_address>
         <run_address>0x9b24</run_address>
         <size>0x90</size>
         <input_file_ref idref="fl-1f"/>
      </object_component>
      <object_component id="oc-1a8">
         <name>.text:GrRectFill</name>
         <load_address>0x9bb4</load_address>
         <run_address>0x9bb4</run_address>
         <size>0x86</size>
         <input_file_ref idref="fl-20"/>
      </object_component>
      <object_component id="oc-4ea">
         <name>.text:GrRectIntersectGet</name>
         <load_address>0x9c3a</load_address>
         <run_address>0x9c3a</run_address>
         <size>0x80</size>
         <input_file_ref idref="fl-20"/>
      </object_component>
      <object_component id="oc-92">
         <name>.text:ADCSequenceStepConfigure</name>
         <load_address>0x9cba</load_address>
         <run_address>0x9cba</run_address>
         <size>0x7a</size>
         <input_file_ref idref="fl-e"/>
      </object_component>
      <object_component id="oc-51">
         <name>.text</name>
         <load_address>0x9d34</load_address>
         <run_address>0x9d34</run_address>
         <size>0x7a</size>
         <input_file_ref idref="fl-e6"/>
      </object_component>
      <object_component id="oc-69">
         <name>.text</name>
         <load_address>0x9db0</load_address>
         <run_address>0x9db0</run_address>
         <size>0x70</size>
         <input_file_ref idref="fl-ed"/>
      </object_component>
      <object_component id="oc-1e7">
         <name>.text:GrContextInit</name>
         <load_address>0x9e20</load_address>
         <run_address>0x9e20</run_address>
         <size>0x68</size>
         <input_file_ref idref="fl-1b"/>
      </object_component>
      <object_component id="oc-1c0">
         <name>.text:GrStringWidthGet</name>
         <load_address>0x9e88</load_address>
         <run_address>0x9e88</run_address>
         <size>0x68</size>
         <input_file_ref idref="fl-22"/>
      </object_component>
      <object_component id="oc-a4">
         <name>.text:IntEnable</name>
         <load_address>0x9ef0</load_address>
         <run_address>0x9ef0</run_address>
         <size>0x68</size>
         <input_file_ref idref="fl-11"/>
      </object_component>
      <object_component id="oc-12">
         <name>.text:decompress:lzss</name>
         <load_address>0x9f58</load_address>
         <run_address>0x9f58</run_address>
         <size>0x68</size>
         <input_file_ref idref="fl-e1"/>
      </object_component>
      <object_component id="oc-4bb">
         <name>.text:GrContextClipRegionSet</name>
         <load_address>0x9fc0</load_address>
         <run_address>0x9fc0</run_address>
         <size>0x66</size>
         <input_file_ref idref="fl-1b"/>
      </object_component>
      <object_component id="oc-1ae">
         <name>.text:GrRectDraw</name>
         <load_address>0xa026</load_address>
         <run_address>0xa026</run_address>
         <size>0x66</size>
         <input_file_ref idref="fl-20"/>
      </object_component>
      <object_component id="oc-1fa">
         <name>.text:WidgetMessageQueueProcess</name>
         <load_address>0xa08c</load_address>
         <run_address>0xa08c</run_address>
         <size>0x64</size>
         <input_file_ref idref="fl-23"/>
      </object_component>
      <object_component id="oc-b6">
         <name>.text:TimerConfigure</name>
         <load_address>0xa0f0</load_address>
         <run_address>0xa0f0</run_address>
         <size>0x60</size>
         <input_file_ref idref="fl-14"/>
      </object_component>
      <object_component id="oc-36f">
         <name>.text:WidgetMessageSendPreOrder</name>
         <load_address>0xa150</load_address>
         <run_address>0xa150</run_address>
         <size>0x5e</size>
         <input_file_ref idref="fl-23"/>
      </object_component>
      <object_component id="oc-46c">
         <name>.text:FontWideGlyphDataGet</name>
         <load_address>0xa1ae</load_address>
         <run_address>0xa1ae</run_address>
         <size>0x5a</size>
         <input_file_ref idref="fl-22"/>
      </object_component>
      <object_component id="oc-8c">
         <name>.text:ADCSequenceConfigure</name>
         <load_address>0xa208</load_address>
         <run_address>0xa208</run_address>
         <size>0x58</size>
         <input_file_ref idref="fl-e"/>
      </object_component>
      <object_component id="oc-4f7">
         <name>.text:SliderPositionToValue</name>
         <load_address>0xa260</load_address>
         <run_address>0xa260</run_address>
         <size>0x58</size>
         <input_file_ref idref="fl-21"/>
      </object_component>
      <object_component id="oc-c8">
         <name>.text:TimerControlTrigger</name>
         <load_address>0xa2b8</load_address>
         <run_address>0xa2b8</run_address>
         <size>0x58</size>
         <input_file_ref idref="fl-14"/>
      </object_component>
      <object_component id="oc-24">
         <name>.text</name>
         <load_address>0xa310</load_address>
         <run_address>0xa310</run_address>
         <size>0x54</size>
         <input_file_ref idref="fl-e0"/>
      </object_component>
      <object_component id="oc-75">
         <name>.text</name>
         <load_address>0xa364</load_address>
         <run_address>0xa364</run_address>
         <size>0x54</size>
         <input_file_ref idref="fl-e4"/>
      </object_component>
      <object_component id="oc-3f7">
         <name>.text:CheckBoxClick</name>
         <load_address>0xa3b8</load_address>
         <run_address>0xa3b8</run_address>
         <size>0x50</size>
         <input_file_ref idref="fl-18"/>
      </object_component>
      <object_component id="oc-16c">
         <name>.text:WidgetRemove</name>
         <load_address>0xa408</load_address>
         <run_address>0xa408</run_address>
         <size>0x4c</size>
         <input_file_ref idref="fl-23"/>
      </object_component>
      <object_component id="oc-ff">
         <name>.text</name>
         <load_address>0xa454</load_address>
         <run_address>0xa454</run_address>
         <size>0x4c</size>
         <input_file_ref idref="fl-ee"/>
      </object_component>
      <object_component id="oc-2dc">
         <name>.text:UpdateContextCharMapping</name>
         <load_address>0xa4a0</load_address>
         <run_address>0xa4a0</run_address>
         <size>0x4a</size>
         <input_file_ref idref="fl-22"/>
      </object_component>
      <object_component id="oc-340">
         <name>.text:GPIOPinConfigure</name>
         <load_address>0xa4ec</load_address>
         <run_address>0xa4ec</run_address>
         <size>0x48</size>
         <input_file_ref idref="fl-10"/>
      </object_component>
      <object_component id="oc-2ec">
         <name>.text:GrLineDrawH</name>
         <load_address>0xa534</load_address>
         <run_address>0xa534</run_address>
         <size>0x46</size>
         <input_file_ref idref="fl-1d"/>
      </object_component>
      <object_component id="oc-2f2">
         <name>.text:GrLineDrawV</name>
         <load_address>0xa57a</load_address>
         <run_address>0xa57a</run_address>
         <size>0x46</size>
         <input_file_ref idref="fl-1d"/>
      </object_component>
      <object_component id="oc-26a">
         <name>.text</name>
         <load_address>0xa5c0</load_address>
         <run_address>0xa5c0</run_address>
         <size>0x40</size>
         <input_file_ref idref="fl-ea"/>
      </object_component>
      <object_component id="oc-352">
         <name>.text:SSIConfigSetExpClk</name>
         <load_address>0xa600</load_address>
         <run_address>0xa600</run_address>
         <size>0x3c</size>
         <input_file_ref idref="fl-12"/>
      </object_component>
      <object_component id="oc-472">
         <name>.text:FontGlyphDataGet</name>
         <load_address>0xa63c</load_address>
         <run_address>0xa63c</run_address>
         <size>0x3a</size>
         <input_file_ref idref="fl-22"/>
      </object_component>
      <object_component id="oc-515">
         <name>.text:GrRectOverlapCheck</name>
         <load_address>0xa676</load_address>
         <run_address>0xa676</run_address>
         <size>0x38</size>
         <input_file_ref idref="fl-20"/>
      </object_component>
      <object_component id="oc-334">
         <name>.text:SysCtlPeripheralReady</name>
         <load_address>0xa6b0</load_address>
         <run_address>0xa6b0</run_address>
         <size>0x38</size>
         <input_file_ref idref="fl-13"/>
      </object_component>
      <object_component id="oc-450">
         <name>.text:GrClipCodeGet</name>
         <load_address>0xa6e8</load_address>
         <run_address>0xa6e8</run_address>
         <size>0x36</size>
         <input_file_ref idref="fl-1d"/>
      </object_component>
      <object_component id="oc-80">
         <name>.text:SysCtlPeripheralEnable</name>
         <load_address>0xa720</load_address>
         <run_address>0xa720</run_address>
         <size>0x34</size>
         <input_file_ref idref="fl-13"/>
      </object_component>
      <object_component id="oc-295">
         <name>.text:CheckBoxMsgProc</name>
         <load_address>0xa754</load_address>
         <run_address>0xa754</run_address>
         <size>0x2e</size>
         <input_file_ref idref="fl-18"/>
      </object_component>
      <object_component id="oc-30e">
         <name>.text:GrStringNextCharGet</name>
         <load_address>0xa782</load_address>
         <run_address>0xa782</run_address>
         <size>0x2e</size>
         <input_file_ref idref="fl-22"/>
      </object_component>
      <object_component id="oc-29e">
         <name>.text:RadioButtonMsgProc</name>
         <load_address>0xa7b0</load_address>
         <run_address>0xa7b0</run_address>
         <size>0x2e</size>
         <input_file_ref idref="fl-1f"/>
      </object_component>
      <object_component id="oc-2a4">
         <name>.text:CircularButtonMsgProc</name>
         <load_address>0xa7de</load_address>
         <run_address>0xa7de</run_address>
         <size>0x2c</size>
         <input_file_ref idref="fl-1e"/>
      </object_component>
      <object_component id="oc-1c6">
         <name>.text:GrFontBaselineGet</name>
         <load_address>0xa80a</load_address>
         <run_address>0xa80a</run_address>
         <size>0x2c</size>
         <input_file_ref idref="fl-22"/>
      </object_component>
      <object_component id="oc-4c1">
         <name>.text:GrFontHeightGet</name>
         <load_address>0xa836</load_address>
         <run_address>0xa836</run_address>
         <size>0x2c</size>
         <input_file_ref idref="fl-22"/>
      </object_component>
      <object_component id="oc-289">
         <name>.text:RectangularButtonMsgProc</name>
         <load_address>0xa862</load_address>
         <run_address>0xa862</run_address>
         <size>0x2c</size>
         <input_file_ref idref="fl-1e"/>
      </object_component>
      <object_component id="oc-2b6">
         <name>.text:SliderMsgProc</name>
         <load_address>0xa88e</load_address>
         <run_address>0xa88e</run_address>
         <size>0x2c</size>
         <input_file_ref idref="fl-21"/>
      </object_component>
      <object_component id="oc-256">
         <name>.text:WidgetIsInTree</name>
         <load_address>0xa8ba</load_address>
         <run_address>0xa8ba</run_address>
         <size>0x2c</size>
         <input_file_ref idref="fl-23"/>
      </object_component>
      <object_component id="oc-134">
         <name>.text:GPIODirModeSet</name>
         <load_address>0xa8e6</load_address>
         <run_address>0xa8e6</run_address>
         <size>0x2a</size>
         <input_file_ref idref="fl-10"/>
      </object_component>
      <object_component id="oc-31a">
         <name>.text:GrFontInfoGet</name>
         <load_address>0xa910</load_address>
         <run_address>0xa910</run_address>
         <size>0x26</size>
         <input_file_ref idref="fl-22"/>
      </object_component>
      <object_component id="oc-314">
         <name>.text:GrFontGlyphDataGet</name>
         <load_address>0xa936</load_address>
         <run_address>0xa936</run_address>
         <size>0x22</size>
         <input_file_ref idref="fl-22"/>
      </object_component>
      <object_component id="oc-447">
         <name>.text:GrFontCodepageGet</name>
         <load_address>0xa958</load_address>
         <run_address>0xa958</run_address>
         <size>0x1e</size>
         <input_file_ref idref="fl-22"/>
      </object_component>
      <object_component id="oc-172">
         <name>.text:WidgetAdd</name>
         <load_address>0xa976</load_address>
         <run_address>0xa976</run_address>
         <size>0x1e</size>
         <input_file_ref idref="fl-23"/>
      </object_component>
      <object_component id="oc-215">
         <name>.text:WidgetPointerMessage</name>
         <load_address>0xa994</load_address>
         <run_address>0xa994</run_address>
         <size>0x1c</size>
         <input_file_ref idref="fl-23"/>
      </object_component>
      <object_component id="oc-aa">
         <name>.text:GPIOPinTypeGPIOOutput</name>
         <load_address>0xa9b0</load_address>
         <run_address>0xa9b0</run_address>
         <size>0x18</size>
         <input_file_ref idref="fl-10"/>
      </object_component>
      <object_component id="oc-6f">
         <name>.text</name>
         <load_address>0xa9c8</load_address>
         <run_address>0xa9c8</run_address>
         <size>0x18</size>
         <input_file_ref idref="fl-ec"/>
      </object_component>
      <object_component id="oc-190">
         <name>.text:GrStringDraw</name>
         <load_address>0xa9e0</load_address>
         <run_address>0xa9e0</run_address>
         <size>0x16</size>
         <input_file_ref idref="fl-22"/>
      </object_component>
      <object_component id="oc-283">
         <name>.text:CanvasMsgProc</name>
         <load_address>0xa9f6</load_address>
         <run_address>0xa9f6</run_address>
         <size>0x14</size>
         <input_file_ref idref="fl-17"/>
      </object_component>
      <object_component id="oc-3ff">
         <name>.text:ContainerMsgProc</name>
         <load_address>0xaa0a</load_address>
         <run_address>0xaa0a</run_address>
         <size>0x14</size>
         <input_file_ref idref="fl-1a"/>
      </object_component>
      <object_component id="oc-25f">
         <name>.text:WidgetMutexGet</name>
         <load_address>0xaa1e</load_address>
         <run_address>0xaa1e</run_address>
         <size>0x14</size>
         <input_file_ref idref="fl-23"/>
      </object_component>
      <object_component id="oc-227">
         <name>.text</name>
         <load_address>0xaa34</load_address>
         <run_address>0xaa34</run_address>
         <size>0x14</size>
         <input_file_ref idref="fl-eb"/>
      </object_component>
      <object_component id="oc-346">
         <name>.text:GPIOPinTypeSSI</name>
         <load_address>0xaa48</load_address>
         <run_address>0xaa48</run_address>
         <size>0x12</size>
         <input_file_ref idref="fl-10"/>
      </object_component>
      <object_component id="oc-c2">
         <name>.text:TimerLoadSet</name>
         <load_address>0xaa5a</load_address>
         <run_address>0xaa5a</run_address>
         <size>0x12</size>
         <input_file_ref idref="fl-14"/>
      </object_component>
      <object_component id="oc-9e">
         <name>.text:ADCIntEnable</name>
         <load_address>0xaa6c</load_address>
         <run_address>0xaa6c</run_address>
         <size>0x10</size>
         <input_file_ref idref="fl-e"/>
      </object_component>
      <object_component id="oc-1cf">
         <name>.text:FPUEnable</name>
         <load_address>0xaa7c</load_address>
         <run_address>0xaa7c</run_address>
         <size>0x10</size>
         <input_file_ref idref="fl-f"/>
      </object_component>
      <object_component id="oc-1d5">
         <name>.text:FPULazyStackingEnable</name>
         <load_address>0xaa8c</load_address>
         <run_address>0xaa8c</run_address>
         <size>0x10</size>
         <input_file_ref idref="fl-f"/>
      </object_component>
      <object_component id="oc-1f4">
         <name>.text:uDMAEnable</name>
         <load_address>0xaa9c</load_address>
         <run_address>0xaa9c</run_address>
         <size>0x10</size>
         <input_file_ref idref="fl-15"/>
      </object_component>
      <object_component id="oc-86">
         <name>.text:ADCHardwareOversampleConfigure</name>
         <load_address>0xaaac</load_address>
         <run_address>0xaaac</run_address>
         <size>0xe</size>
         <input_file_ref idref="fl-e"/>
      </object_component>
      <object_component id="oc-98">
         <name>.text:ADCSequenceEnable</name>
         <load_address>0xaaba</load_address>
         <run_address>0xaaba</run_address>
         <size>0xe</size>
         <input_file_ref idref="fl-e"/>
      </object_component>
      <object_component id="oc-1b4">
         <name>.text:GrImageDraw</name>
         <load_address>0xaac8</load_address>
         <run_address>0xaac8</run_address>
         <size>0xe</size>
         <input_file_ref idref="fl-1c"/>
      </object_component>
      <object_component id="oc-ce">
         <name>.text:TimerEnable</name>
         <load_address>0xaad6</load_address>
         <run_address>0xaad6</run_address>
         <size>0xe</size>
         <input_file_ref idref="fl-14"/>
      </object_component>
      <object_component id="oc-18">
         <name>.text:decompress:none</name>
         <load_address>0xaae4</load_address>
         <run_address>0xaae4</run_address>
         <size>0xe</size>
         <input_file_ref idref="fl-e2"/>
      </object_component>
      <object_component id="oc-1e">
         <name>.text:decompress:ZI</name>
         <load_address>0xaaf2</load_address>
         <run_address>0xaaf2</run_address>
         <size>0xc</size>
         <input_file_ref idref="fl-e3"/>
      </object_component>
      <object_component id="oc-2b">
         <name>.text</name>
         <load_address>0xaafe</load_address>
         <run_address>0xaafe</run_address>
         <size>0xc</size>
         <input_file_ref idref="fl-5"/>
      </object_component>
      <object_component id="oc-1ee">
         <name>.text:uDMAControlBaseSet</name>
         <load_address>0xab0c</load_address>
         <run_address>0xab0c</run_address>
         <size>0xc</size>
         <input_file_ref idref="fl-15"/>
      </object_component>
      <object_component id="oc-32b">
         <name>.text:SSIDataPut</name>
         <load_address>0xab18</load_address>
         <run_address>0xab18</run_address>
         <size>0xa</size>
         <input_file_ref idref="fl-12"/>
      </object_component>
      <object_component id="oc-33a">
         <name>.text:SSIDisable</name>
         <load_address>0xab22</load_address>
         <run_address>0xab22</run_address>
         <size>0xa</size>
         <input_file_ref idref="fl-12"/>
      </object_component>
      <object_component id="oc-358">
         <name>.text:SSIEnable</name>
         <load_address>0xab2c</load_address>
         <run_address>0xab2c</run_address>
         <size>0xa</size>
         <input_file_ref idref="fl-12"/>
      </object_component>
      <object_component id="oc-498">
         <name>.text:GrMapISO8859_1_Unicode</name>
         <load_address>0xab36</load_address>
         <run_address>0xab36</run_address>
         <size>0x8</size>
         <input_file_ref idref="fl-2a"/>
      </object_component>
      <object_component id="oc-b0">
         <name>.text:GPIOPinWrite</name>
         <load_address>0xab3e</load_address>
         <run_address>0xab3e</run_address>
         <size>0x6</size>
         <input_file_ref idref="fl-10"/>
      </object_component>
      <object_component id="oc-18a">
         <name>.text:GrContextFontSet</name>
         <load_address>0xab44</load_address>
         <run_address>0xab44</run_address>
         <size>0x6</size>
         <input_file_ref idref="fl-22"/>
      </object_component>
      <object_component id="oc-34c">
         <name>.text:SSIClockSourceSet</name>
         <load_address>0xab4a</load_address>
         <run_address>0xab4a</run_address>
         <size>0x6</size>
         <input_file_ref idref="fl-12"/>
      </object_component>
      <object_component id="oc-1ed">
         <name>.text:SysCtlDelay</name>
         <load_address>0xab50</load_address>
         <run_address>0xab50</run_address>
         <size>0x6</size>
         <input_file_ref idref="fl-13"/>
      </object_component>
      <object_component id="oc-260">
         <name>.text:WidgetMutexPut</name>
         <load_address>0xab56</load_address>
         <run_address>0xab56</run_address>
         <size>0x6</size>
         <input_file_ref idref="fl-23"/>
      </object_component>
      <object_component id="oc-2d4">
         <name>.text:WidgetDefaultMsgProc</name>
         <load_address>0xab5c</load_address>
         <run_address>0xab5c</run_address>
         <size>0x4</size>
         <input_file_ref idref="fl-23"/>
      </object_component>
      <object_component id="oc-63">
         <name>.text</name>
         <load_address>0xab60</load_address>
         <run_address>0xab60</run_address>
         <size>0x4</size>
         <input_file_ref idref="fl-e8"/>
      </object_component>
      <object_component id="oc-388">
         <name>.const:.string:g_pui8Cm24Data</name>
         <load_address>0x26c</load_address>
         <run_address>0x26c</run_address>
         <size>0xa60</size>
         <input_file_ref idref="fl-29"/>
      </object_component>
      <object_component id="oc-382">
         <name>.const:.string:g_pui8Cm22Data</name>
         <load_address>0xccc</load_address>
         <run_address>0xccc</run_address>
         <size>0x960</size>
         <input_file_ref idref="fl-28"/>
      </object_component>
      <object_component id="oc-398">
         <name>.const:.string:g_pui8Cm20Data</name>
         <load_address>0x162c</load_address>
         <run_address>0x162c</run_address>
         <size>0x95e</size>
         <input_file_ref idref="fl-27"/>
      </object_component>
      <object_component id="oc-322">
         <name>.const:.string:g_pui8Cm18Data</name>
         <load_address>0x1f8a</load_address>
         <run_address>0x1f8a</run_address>
         <size>0x86e</size>
         <input_file_ref idref="fl-26"/>
      </object_component>
      <object_component id="oc-2c5">
         <name>.const:.string:g_pucRedSlider195x37</name>
         <load_address>0x27f8</load_address>
         <run_address>0x27f8</run_address>
         <size>0x83d</size>
         <input_file_ref idref="fl-4"/>
      </object_component>
      <object_component id="oc-2c2">
         <name>.const:.string:g_pucGreenSlider195x37</name>
         <load_address>0x3035</load_address>
         <run_address>0x3035</run_address>
         <size>0x826</size>
         <input_file_ref idref="fl-4"/>
      </object_component>
      <object_component id="oc-2bc">
         <name>.const:.string:g_pucGettingHotter28x148</name>
         <load_address>0x385b</load_address>
         <run_address>0x385b</run_address>
         <size>0x705</size>
         <input_file_ref idref="fl-4"/>
      </object_component>
      <object_component id="oc-37c">
         <name>.const:.string:g_pui8Cm14Data</name>
         <load_address>0x3f60</load_address>
         <run_address>0x3f60</run_address>
         <size>0x65a</size>
         <input_file_ref idref="fl-25"/>
      </object_component>
      <object_component id="oc-390">
         <name>.const:.string:g_pui8Cm12Data</name>
         <load_address>0x45ba</load_address>
         <run_address>0x45ba</run_address>
         <size>0x55f</size>
         <input_file_ref idref="fl-24"/>
      </object_component>
      <object_component id="oc-2bf">
         <name>.const:.string:g_pucGettingHotter28x148Mono</name>
         <load_address>0x4b19</load_address>
         <run_address>0x4b19</run_address>
         <size>0x3ad</size>
         <input_file_ref idref="fl-4"/>
      </object_component>
      <object_component id="oc-209">
         <name>.const:.string:g_pucLogo</name>
         <load_address>0x4ec6</load_address>
         <run_address>0x4ec6</run_address>
         <size>0x230</size>
         <input_file_ref idref="fl-4"/>
      </object_component>
      <object_component id="oc-28f">
         <name>.const:.string:g_pucBlue50x50</name>
         <load_address>0x50f6</load_address>
         <run_address>0x50f6</run_address>
         <size>0x210</size>
         <input_file_ref idref="fl-4"/>
      </object_component>
      <object_component id="oc-292">
         <name>.const:.string:g_pucBlue50x50Press</name>
         <load_address>0x5306</load_address>
         <run_address>0x5306</run_address>
         <size>0x20e</size>
         <input_file_ref idref="fl-4"/>
      </object_component>
      <object_component id="oc-282">
         <name>.const:.string</name>
         <load_address>0x5514</load_address>
         <run_address>0x5514</run_address>
         <size>0x17a</size>
         <input_file_ref idref="fl-3"/>
      </object_component>
      <object_component id="oc-1bd">
         <name>.const:.string:g_pucLightOff</name>
         <load_address>0x568e</load_address>
         <run_address>0x568e</run_address>
         <size>0xf5</size>
         <input_file_ref idref="fl-4"/>
      </object_component>
      <object_component id="oc-1ba">
         <name>.const:.string:g_pucLightOn</name>
         <load_address>0x5783</load_address>
         <run_address>0x5783</run_address>
         <size>0xe6</size>
         <input_file_ref idref="fl-4"/>
      </object_component>
      <object_component id="oc-20c">
         <name>.const:g_sFontCm12</name>
         <load_address>0x586c</load_address>
         <run_address>0x586c</run_address>
         <size>0xc8</size>
         <input_file_ref idref="fl-24"/>
      </object_component>
      <object_component id="oc-200">
         <name>.const:g_sFontCm14</name>
         <load_address>0x5934</load_address>
         <run_address>0x5934</run_address>
         <size>0xc8</size>
         <input_file_ref idref="fl-25"/>
      </object_component>
      <object_component id="oc-1cc">
         <name>.const:g_sFontCm18</name>
         <load_address>0x59fc</load_address>
         <run_address>0x59fc</run_address>
         <size>0xc8</size>
         <input_file_ref idref="fl-26"/>
      </object_component>
      <object_component id="oc-212">
         <name>.const:g_sFontCm20</name>
         <load_address>0x5ac4</load_address>
         <run_address>0x5ac4</run_address>
         <size>0xc8</size>
         <input_file_ref idref="fl-27"/>
      </object_component>
      <object_component id="oc-203">
         <name>.const:g_sFontCm22</name>
         <load_address>0x5b8c</load_address>
         <run_address>0x5b8c</run_address>
         <size>0xc8</size>
         <input_file_ref idref="fl-28"/>
      </object_component>
      <object_component id="oc-206">
         <name>.const:g_sFontCm24</name>
         <load_address>0x5c54</load_address>
         <run_address>0x5c54</run_address>
         <size>0xc8</size>
         <input_file_ref idref="fl-29"/>
      </object_component>
      <object_component id="oc-489">
         <name>.const:g_pui32GPIOBaseAddrs</name>
         <load_address>0x5d1c</load_address>
         <run_address>0x5d1c</run_address>
         <size>0x90</size>
         <input_file_ref idref="fl-10"/>
      </object_component>
      <object_component id="oc-129">
         <name>.const</name>
         <load_address>0x5dac</load_address>
         <run_address>0x5dac</run_address>
         <size>0x70</size>
         <input_file_ref idref="fl-11"/>
      </object_component>
      <object_component id="oc-13f">
         <name>.const:g_pui32Xtals</name>
         <load_address>0x5e1c</load_address>
         <run_address>0x5e1c</run_address>
         <size>0x6c</size>
         <input_file_ref idref="fl-13"/>
      </object_component>
      <object_component id="oc-26f">
         <name>.const:$O1$$</name>
         <load_address>0x5e88</load_address>
         <run_address>0x5e88</run_address>
         <size>0x48</size>
         <input_file_ref idref="fl-7"/>
      </object_component>
      <object_component id="oc-dc">
         <name>.const:g_lTouchParameters</name>
         <load_address>0x5ed0</load_address>
         <run_address>0x5ed0</run_address>
         <size>0x38</size>
         <input_file_ref idref="fl-6"/>
      </object_component>
      <object_component id="oc-20f">
         <name>.const:g_sKentec320x240x16_SSD2119</name>
         <load_address>0x5f08</load_address>
         <run_address>0x5f08</run_address>
         <size>0x28</size>
         <input_file_ref idref="fl-2"/>
      </object_component>
      <object_component id="oc-365">
         <name>.const</name>
         <load_address>0x5f30</load_address>
         <run_address>0x5f30</run_address>
         <size>0x10</size>
         <input_file_ref idref="fl-1b"/>
      </object_component>
      <object_component id="oc-542">
         <name>.cinit..data.load</name>
         <load_address>0xab68</load_address>
         <run_address>0xab68</run_address>
         <size>0x4fa</size>
      </object_component>
      <object_component id="oc-540">
         <name>__TI_handler_table</name>
         <load_address>0xb064</load_address>
         <run_address>0xb064</run_address>
         <size>0xc</size>
      </object_component>
      <object_component id="oc-543">
         <name>.cinit..bss.load</name>
         <load_address>0xb070</load_address>
         <run_address>0xb070</run_address>
         <size>0x8</size>
      </object_component>
      <object_component id="oc-541">
         <name>__TI_cinit_table</name>
         <load_address>0xb078</load_address>
         <run_address>0xb078</run_address>
         <size>0x10</size>
      </object_component>
      <object_component id="oc-331">
         <name>.data:$O1$$</name>
         <load_address>0x200016b4</load_address>
         <run_address>0x200016b4</run_address>
         <size>0x8</size>
         <input_file_ref idref="fl-2"/>
      </object_component>
      <object_component id="oc-2aa">
         <name>.data:g_sIntroduction</name>
         <load_address>0x20001530</load_address>
         <run_address>0x20001530</run_address>
         <size>0x40</size>
         <input_file_ref idref="fl-3"/>
      </object_component>
      <object_component id="oc-2ad">
         <name>.data:g_sPrimitives</name>
         <load_address>0x20001570</load_address>
         <run_address>0x20001570</run_address>
         <size>0x40</size>
         <input_file_ref idref="fl-3"/>
      </object_component>
      <object_component id="oc-4e0">
         <name>.data:g_sCanvas3</name>
         <load_address>0x200014f0</load_address>
         <run_address>0x200014f0</run_address>
         <size>0x40</size>
         <input_file_ref idref="fl-3"/>
      </object_component>
      <object_component id="oc-426">
         <name>.data:g_sCanvas2</name>
         <load_address>0x200014b0</load_address>
         <run_address>0x200014b0</run_address>
         <size>0x40</size>
         <input_file_ref idref="fl-3"/>
      </object_component>
      <object_component id="oc-2b0">
         <name>.data:g_sCanvas1</name>
         <load_address>0x20001470</load_address>
         <run_address>0x20001470</run_address>
         <size>0x40</size>
         <input_file_ref idref="fl-3"/>
      </object_component>
      <object_component id="oc-4e5">
         <name>.data:g_sContainer3</name>
         <load_address>0x20001620</load_address>
         <run_address>0x20001620</run_address>
         <size>0x38</size>
         <input_file_ref idref="fl-3"/>
      </object_component>
      <object_component id="oc-42b">
         <name>.data:g_sContainer2</name>
         <load_address>0x200015e8</load_address>
         <run_address>0x200015e8</run_address>
         <size>0x38</size>
         <input_file_ref idref="fl-3"/>
      </object_component>
      <object_component id="oc-2b3">
         <name>.data:g_sContainer1</name>
         <load_address>0x200015b0</load_address>
         <run_address>0x200015b0</run_address>
         <size>0x38</size>
         <input_file_ref idref="fl-3"/>
      </object_component>
      <object_component id="oc-29b">
         <name>.data:g_psRadioContainers</name>
         <load_address>0x20001400</load_address>
         <run_address>0x20001400</run_address>
         <size>0x70</size>
         <input_file_ref idref="fl-3"/>
      </object_component>
      <object_component id="oc-184">
         <name>.data:$O1$$</name>
         <load_address>0x20000000</load_address>
         <run_address>0x20000000</run_address>
         <size>0x1400</size>
         <input_file_ref idref="fl-3"/>
      </object_component>
      <object_component id="oc-d4">
         <name>.data:$O1$$</name>
         <load_address>0x20001688</load_address>
         <run_address>0x20001688</run_address>
         <size>0x20</size>
         <input_file_ref idref="fl-6"/>
      </object_component>
      <object_component id="oc-272">
         <name>.data</name>
         <load_address>0x200016c8</load_address>
         <run_address>0x200016c8</run_address>
         <size>0x4</size>
         <input_file_ref idref="fl-7"/>
      </object_component>
      <object_component id="oc-187">
         <name>.data</name>
         <load_address>0x20001658</load_address>
         <run_address>0x20001658</run_address>
         <size>0x2d</size>
         <input_file_ref idref="fl-23"/>
      </object_component>
      <object_component id="oc-115">
         <name>.data:$O1$$</name>
         <load_address>0x200016a8</load_address>
         <run_address>0x200016a8</run_address>
         <size>0xc</size>
         <input_file_ref idref="fl-e4"/>
      </object_component>
      <object_component id="oc-7b">
         <name>.data</name>
         <load_address>0x200016c4</load_address>
         <run_address>0x200016c4</run_address>
         <size>0x4</size>
         <input_file_ref idref="fl-e9"/>
      </object_component>
      <object_component id="oc-118">
         <name>.data:$O1$$</name>
         <load_address>0x200016bc</load_address>
         <run_address>0x200016bc</run_address>
         <size>0x8</size>
         <input_file_ref idref="fl-eb"/>
      </object_component>
      <object_component id="oc-266">
         <name>.bss:g_psMQ</name>
         <uninitialized>true</uninitialized>
         <run_address>0x20001acc</run_address>
         <size>0x140</size>
         <input_file_ref idref="fl-23"/>
      </object_component>
      <object_component id="oc-db">
         <name>.common:g_sTouchX</name>
         <uninitialized>true</uninitialized>
         <run_address>0x20001c30</run_address>
         <size>0x2</size>
      </object_component>
      <object_component id="oc-d7">
         <name>.common:g_sTouchY</name>
         <uninitialized>true</uninitialized>
         <run_address>0x20001c32</run_address>
         <size>0x2</size>
      </object_component>
      <object_component id="oc-368">
         <name>.common:g_psGrLibDefaults</name>
         <uninitialized>true</uninitialized>
         <run_address>0x20001c2c</run_address>
         <size>0x4</size>
      </object_component>
      <object_component id="oc-465">
         <name>.common:g_pui8Dictionary</name>
         <uninitialized>true</uninitialized>
         <run_address>0x20001c0c</run_address>
         <size>0x20</size>
      </object_component>
      <object_component id="oc-2a">
         <name>.stack</name>
         <uninitialized>true</uninitialized>
         <run_address>0x200016cc</run_address>
         <size>0x0</size>
         <input_file_ref idref="fl-e0"/>
      </object_component>
      <object_component id="oc-544">
         <name>.stack</name>
         <uninitialized>true</uninitialized>
         <run_address>0x200016cc</run_address>
         <size>0x0</size>
      </object_component>
      <object_component id="oc-248">
         <name>.debug_info</name>
         <load_address>0x0</load_address>
         <run_address>0x0</run_address>
         <size>0x616</size>
         <input_file_ref idref="fl-2"/>
      </object_component>
      <object_component id="oc-210">
         <name>.debug_info</name>
         <load_address>0x616</load_address>
         <run_address>0x616</run_address>
         <size>0xfa</size>
         <input_file_ref idref="fl-2"/>
      </object_component>
      <object_component id="oc-332">
         <name>.debug_info</name>
         <load_address>0x710</load_address>
         <run_address>0x710</run_address>
         <size>0x100</size>
         <input_file_ref idref="fl-2"/>
      </object_component>
      <object_component id="oc-1e2">
         <name>.debug_info</name>
         <load_address>0x810</load_address>
         <run_address>0x810</run_address>
         <size>0x1279</size>
         <input_file_ref idref="fl-2"/>
      </object_component>
      <object_component id="oc-14f">
         <name>.debug_info</name>
         <load_address>0x1a89</load_address>
         <run_address>0x1a89</run_address>
         <size>0x6bd</size>
         <input_file_ref idref="fl-2"/>
      </object_component>
      <object_component id="oc-145">
         <name>.debug_info</name>
         <load_address>0x2146</load_address>
         <run_address>0x2146</run_address>
         <size>0x8b</size>
         <input_file_ref idref="fl-2"/>
      </object_component>
      <object_component id="oc-482">
         <name>.debug_info</name>
         <load_address>0x21d1</load_address>
         <run_address>0x21d1</run_address>
         <size>0x39</size>
         <input_file_ref idref="fl-2"/>
      </object_component>
      <object_component id="oc-e0">
         <name>.debug_info</name>
         <load_address>0x220a</load_address>
         <run_address>0x220a</run_address>
         <size>0x18b</size>
         <input_file_ref idref="fl-2"/>
      </object_component>
      <object_component id="oc-21c">
         <name>.debug_info</name>
         <load_address>0x2395</load_address>
         <run_address>0x2395</run_address>
         <size>0x12b6</size>
         <input_file_ref idref="fl-3"/>
      </object_component>
      <object_component id="oc-2ab">
         <name>.debug_info</name>
         <load_address>0x364b</load_address>
         <run_address>0x364b</run_address>
         <size>0xcf</size>
         <input_file_ref idref="fl-3"/>
      </object_component>
      <object_component id="oc-2ae">
         <name>.debug_info</name>
         <load_address>0x371a</load_address>
         <run_address>0x371a</run_address>
         <size>0xcb</size>
         <input_file_ref idref="fl-3"/>
      </object_component>
      <object_component id="oc-4e1">
         <name>.debug_info</name>
         <load_address>0x37e5</load_address>
         <run_address>0x37e5</run_address>
         <size>0xc5</size>
         <input_file_ref idref="fl-3"/>
      </object_component>
      <object_component id="oc-427">
         <name>.debug_info</name>
         <load_address>0x38aa</load_address>
         <run_address>0x38aa</run_address>
         <size>0xc5</size>
         <input_file_ref idref="fl-3"/>
      </object_component>
      <object_component id="oc-2b1">
         <name>.debug_info</name>
         <load_address>0x396f</load_address>
         <run_address>0x396f</run_address>
         <size>0xc5</size>
         <input_file_ref idref="fl-3"/>
      </object_component>
      <object_component id="oc-4e6">
         <name>.debug_info</name>
         <load_address>0x3a34</load_address>
         <run_address>0x3a34</run_address>
         <size>0xcb</size>
         <input_file_ref idref="fl-3"/>
      </object_component>
      <object_component id="oc-42c">
         <name>.debug_info</name>
         <load_address>0x3aff</load_address>
         <run_address>0x3aff</run_address>
         <size>0xcb</size>
         <input_file_ref idref="fl-3"/>
      </object_component>
      <object_component id="oc-2b4">
         <name>.debug_info</name>
         <load_address>0x3bca</load_address>
         <run_address>0x3bca</run_address>
         <size>0xcb</size>
         <input_file_ref idref="fl-3"/>
      </object_component>
      <object_component id="oc-29c">
         <name>.debug_info</name>
         <load_address>0x3c95</load_address>
         <run_address>0x3c95</run_address>
         <size>0xd8</size>
         <input_file_ref idref="fl-3"/>
      </object_component>
      <object_component id="oc-185">
         <name>.debug_info</name>
         <load_address>0x3d6d</load_address>
         <run_address>0x3d6d</run_address>
         <size>0x3cc</size>
         <input_file_ref idref="fl-3"/>
      </object_component>
      <object_component id="oc-10e">
         <name>.debug_info</name>
         <load_address>0x4139</load_address>
         <run_address>0x4139</run_address>
         <size>0xdc4</size>
         <input_file_ref idref="fl-3"/>
      </object_component>
      <object_component id="oc-3a1">
         <name>.debug_info</name>
         <load_address>0x4efd</load_address>
         <run_address>0x4efd</run_address>
         <size>0x86</size>
         <input_file_ref idref="fl-3"/>
      </object_component>
      <object_component id="oc-2ca">
         <name>.debug_info</name>
         <load_address>0x4f83</load_address>
         <run_address>0x4f83</run_address>
         <size>0xea</size>
         <input_file_ref idref="fl-3"/>
      </object_component>
      <object_component id="oc-3a6">
         <name>.debug_info</name>
         <load_address>0x506d</load_address>
         <run_address>0x506d</run_address>
         <size>0xfe</size>
         <input_file_ref idref="fl-3"/>
      </object_component>
      <object_component id="oc-3ab">
         <name>.debug_info</name>
         <load_address>0x516b</load_address>
         <run_address>0x516b</run_address>
         <size>0xc2</size>
         <input_file_ref idref="fl-3"/>
      </object_component>
      <object_component id="oc-2cf">
         <name>.debug_info</name>
         <load_address>0x522d</load_address>
         <run_address>0x522d</run_address>
         <size>0x14e</size>
         <input_file_ref idref="fl-3"/>
      </object_component>
      <object_component id="oc-3b0">
         <name>.debug_info</name>
         <load_address>0x537b</load_address>
         <run_address>0x537b</run_address>
         <size>0xfe</size>
         <input_file_ref idref="fl-3"/>
      </object_component>
      <object_component id="oc-3b5">
         <name>.debug_info</name>
         <load_address>0x5479</load_address>
         <run_address>0x5479</run_address>
         <size>0x176</size>
         <input_file_ref idref="fl-3"/>
      </object_component>
      <object_component id="oc-278">
         <name>.debug_info</name>
         <load_address>0x55ef</load_address>
         <run_address>0x55ef</run_address>
         <size>0x196</size>
         <input_file_ref idref="fl-3"/>
      </object_component>
      <object_component id="oc-154">
         <name>.debug_info</name>
         <load_address>0x5785</load_address>
         <run_address>0x5785</run_address>
         <size>0xc6</size>
         <input_file_ref idref="fl-3"/>
      </object_component>
      <object_component id="oc-27d">
         <name>.debug_info</name>
         <load_address>0x584b</load_address>
         <run_address>0x584b</run_address>
         <size>0x4e</size>
         <input_file_ref idref="fl-3"/>
      </object_component>
      <object_component id="oc-30b">
         <name>.debug_info</name>
         <load_address>0x5899</load_address>
         <run_address>0x5899</run_address>
         <size>0x34b</size>
         <input_file_ref idref="fl-4"/>
      </object_component>
      <object_component id="oc-20a">
         <name>.debug_info</name>
         <load_address>0x5be4</load_address>
         <run_address>0x5be4</run_address>
         <size>0xbf</size>
         <input_file_ref idref="fl-4"/>
      </object_component>
      <object_component id="oc-1be">
         <name>.debug_info</name>
         <load_address>0x5ca3</load_address>
         <run_address>0x5ca3</run_address>
         <size>0xc7</size>
         <input_file_ref idref="fl-4"/>
      </object_component>
      <object_component id="oc-1bb">
         <name>.debug_info</name>
         <load_address>0x5d6a</load_address>
         <run_address>0x5d6a</run_address>
         <size>0xc5</size>
         <input_file_ref idref="fl-4"/>
      </object_component>
      <object_component id="oc-290">
         <name>.debug_info</name>
         <load_address>0x5e2f</load_address>
         <run_address>0x5e2f</run_address>
         <size>0xc9</size>
         <input_file_ref idref="fl-4"/>
      </object_component>
      <object_component id="oc-293">
         <name>.debug_info</name>
         <load_address>0x5ef8</load_address>
         <run_address>0x5ef8</run_address>
         <size>0xd4</size>
         <input_file_ref idref="fl-4"/>
      </object_component>
      <object_component id="oc-2bd">
         <name>.debug_info</name>
         <load_address>0x5fcc</load_address>
         <run_address>0x5fcc</run_address>
         <size>0xde</size>
         <input_file_ref idref="fl-4"/>
      </object_component>
      <object_component id="oc-2c0">
         <name>.debug_info</name>
         <load_address>0x60aa</load_address>
         <run_address>0x60aa</run_address>
         <size>0xe6</size>
         <input_file_ref idref="fl-4"/>
      </object_component>
      <object_component id="oc-2c3">
         <name>.debug_info</name>
         <load_address>0x6190</load_address>
         <run_address>0x6190</run_address>
         <size>0xda</size>
         <input_file_ref idref="fl-4"/>
      </object_component>
      <object_component id="oc-2c6">
         <name>.debug_info</name>
         <load_address>0x626a</load_address>
         <run_address>0x626a</run_address>
         <size>0xd6</size>
         <input_file_ref idref="fl-4"/>
      </object_component>
      <object_component id="oc-39">
         <name>.debug_info</name>
         <load_address>0x6340</load_address>
         <run_address>0x6340</run_address>
         <size>0x11e</size>
         <input_file_ref idref="fl-5"/>
      </object_component>
      <object_component id="oc-10">
         <name>.debug_info</name>
         <load_address>0x645e</load_address>
         <run_address>0x645e</run_address>
         <size>0xd7</size>
         <input_file_ref idref="fl-5"/>
      </object_component>
      <object_component id="oc-2c">
         <name>.debug_info</name>
         <load_address>0x6535</load_address>
         <run_address>0x6535</run_address>
         <size>0x253</size>
         <input_file_ref idref="fl-5"/>
      </object_component>
      <object_component id="oc-40">
         <name>.debug_info</name>
         <load_address>0x6788</load_address>
         <run_address>0x6788</run_address>
         <size>0x84</size>
         <input_file_ref idref="fl-5"/>
      </object_component>
      <object_component id="oc-d8">
         <name>.debug_info</name>
         <load_address>0x680c</load_address>
         <run_address>0x680c</run_address>
         <size>0x7eb</size>
         <input_file_ref idref="fl-6"/>
      </object_component>
      <object_component id="oc-dd">
         <name>.debug_info</name>
         <load_address>0x6ff7</load_address>
         <run_address>0x6ff7</run_address>
         <size>0xd0</size>
         <input_file_ref idref="fl-6"/>
      </object_component>
      <object_component id="oc-d5">
         <name>.debug_info</name>
         <load_address>0x70c7</load_address>
         <run_address>0x70c7</run_address>
         <size>0x1a5</size>
         <input_file_ref idref="fl-6"/>
      </object_component>
      <object_component id="oc-33">
         <name>.debug_info</name>
         <load_address>0x726c</load_address>
         <run_address>0x726c</run_address>
         <size>0x421</size>
         <input_file_ref idref="fl-6"/>
      </object_component>
      <object_component id="oc-276">
         <name>.debug_info</name>
         <load_address>0x768d</load_address>
         <run_address>0x768d</run_address>
         <size>0x1c6</size>
         <input_file_ref idref="fl-7"/>
      </object_component>
      <object_component id="oc-273">
         <name>.debug_info</name>
         <load_address>0x7853</load_address>
         <run_address>0x7853</run_address>
         <size>0xed</size>
         <input_file_ref idref="fl-7"/>
      </object_component>
      <object_component id="oc-270">
         <name>.debug_info</name>
         <load_address>0x7940</load_address>
         <run_address>0x7940</run_address>
         <size>0x11c</size>
         <input_file_ref idref="fl-7"/>
      </object_component>
      <object_component id="oc-182">
         <name>.debug_info</name>
         <load_address>0x7a5c</load_address>
         <run_address>0x7a5c</run_address>
         <size>0x1279</size>
         <input_file_ref idref="fl-7"/>
      </object_component>
      <object_component id="oc-123">
         <name>.debug_info</name>
         <load_address>0x8cd5</load_address>
         <run_address>0x8cd5</run_address>
         <size>0x23d</size>
         <input_file_ref idref="fl-e"/>
      </object_component>
      <object_component id="oc-94">
         <name>.debug_info</name>
         <load_address>0x8f12</load_address>
         <run_address>0x8f12</run_address>
         <size>0x333</size>
         <input_file_ref idref="fl-e"/>
      </object_component>
      <object_component id="oc-9a">
         <name>.debug_info</name>
         <load_address>0x9245</load_address>
         <run_address>0x9245</run_address>
         <size>0x2a0</size>
         <input_file_ref idref="fl-e"/>
      </object_component>
      <object_component id="oc-8e">
         <name>.debug_info</name>
         <load_address>0x94e5</load_address>
         <run_address>0x94e5</run_address>
         <size>0x326</size>
         <input_file_ref idref="fl-e"/>
      </object_component>
      <object_component id="oc-a0">
         <name>.debug_info</name>
         <load_address>0x980b</load_address>
         <run_address>0x980b</run_address>
         <size>0x296</size>
         <input_file_ref idref="fl-e"/>
      </object_component>
      <object_component id="oc-88">
         <name>.debug_info</name>
         <load_address>0x9aa1</load_address>
         <run_address>0x9aa1</run_address>
         <size>0x2c1</size>
         <input_file_ref idref="fl-e"/>
      </object_component>
      <object_component id="oc-1d6">
         <name>.debug_info</name>
         <load_address>0x9d62</load_address>
         <run_address>0x9d62</run_address>
         <size>0x225</size>
         <input_file_ref idref="fl-f"/>
      </object_component>
      <object_component id="oc-1d1">
         <name>.debug_info</name>
         <load_address>0x9f87</load_address>
         <run_address>0x9f87</run_address>
         <size>0x20d</size>
         <input_file_ref idref="fl-f"/>
      </object_component>
      <object_component id="oc-13b">
         <name>.debug_info</name>
         <load_address>0xa194</load_address>
         <run_address>0xa194</run_address>
         <size>0x230</size>
         <input_file_ref idref="fl-10"/>
      </object_component>
      <object_component id="oc-48a">
         <name>.debug_info</name>
         <load_address>0xa3c4</load_address>
         <run_address>0xa3c4</run_address>
         <size>0x15b</size>
         <input_file_ref idref="fl-10"/>
      </object_component>
      <object_component id="oc-b2">
         <name>.debug_info</name>
         <load_address>0xa51f</load_address>
         <run_address>0xa51f</run_address>
         <size>0x2a3</size>
         <input_file_ref idref="fl-10"/>
      </object_component>
      <object_component id="oc-136">
         <name>.debug_info</name>
         <load_address>0xa7c2</load_address>
         <run_address>0xa7c2</run_address>
         <size>0x2b3</size>
         <input_file_ref idref="fl-10"/>
      </object_component>
      <object_component id="oc-130">
         <name>.debug_info</name>
         <load_address>0xaa75</load_address>
         <run_address>0xaa75</run_address>
         <size>0x316</size>
         <input_file_ref idref="fl-10"/>
      </object_component>
      <object_component id="oc-348">
         <name>.debug_info</name>
         <load_address>0xad8b</load_address>
         <run_address>0xad8b</run_address>
         <size>0x279</size>
         <input_file_ref idref="fl-10"/>
      </object_component>
      <object_component id="oc-ac">
         <name>.debug_info</name>
         <load_address>0xb004</load_address>
         <run_address>0xb004</run_address>
         <size>0x2b7</size>
         <input_file_ref idref="fl-10"/>
      </object_component>
      <object_component id="oc-343">
         <name>.debug_info</name>
         <load_address>0xb2bb</load_address>
         <run_address>0xb2bb</run_address>
         <size>0x280</size>
         <input_file_ref idref="fl-10"/>
      </object_component>
      <object_component id="oc-12d">
         <name>.debug_info</name>
         <load_address>0xb53b</load_address>
         <run_address>0xb53b</run_address>
         <size>0x20e</size>
         <input_file_ref idref="fl-11"/>
      </object_component>
      <object_component id="oc-12a">
         <name>.debug_info</name>
         <load_address>0xb749</load_address>
         <run_address>0xb749</run_address>
         <size>0x210</size>
         <input_file_ref idref="fl-11"/>
      </object_component>
      <object_component id="oc-a8">
         <name>.debug_info</name>
         <load_address>0xb959</load_address>
         <run_address>0xb959</run_address>
         <size>0x268</size>
         <input_file_ref idref="fl-11"/>
      </object_component>
      <object_component id="oc-47f">
         <name>.debug_info</name>
         <load_address>0xbbc1</load_address>
         <run_address>0xbbc1</run_address>
         <size>0x21c</size>
         <input_file_ref idref="fl-12"/>
      </object_component>
      <object_component id="oc-35b">
         <name>.debug_info</name>
         <load_address>0xbddd</load_address>
         <run_address>0xbddd</run_address>
         <size>0x242</size>
         <input_file_ref idref="fl-12"/>
      </object_component>
      <object_component id="oc-33d">
         <name>.debug_info</name>
         <load_address>0xc01f</load_address>
         <run_address>0xc01f</run_address>
         <size>0x244</size>
         <input_file_ref idref="fl-12"/>
      </object_component>
      <object_component id="oc-32e">
         <name>.debug_info</name>
         <load_address>0xc263</load_address>
         <run_address>0xc263</run_address>
         <size>0x276</size>
         <input_file_ref idref="fl-12"/>
      </object_component>
      <object_component id="oc-355">
         <name>.debug_info</name>
         <load_address>0xc4d9</load_address>
         <run_address>0xc4d9</run_address>
         <size>0x3d9</size>
         <input_file_ref idref="fl-12"/>
      </object_component>
      <object_component id="oc-34f">
         <name>.debug_info</name>
         <load_address>0xc8b2</load_address>
         <run_address>0xc8b2</run_address>
         <size>0x28c</size>
         <input_file_ref idref="fl-12"/>
      </object_component>
      <object_component id="oc-121">
         <name>.debug_info</name>
         <load_address>0xcb3e</load_address>
         <run_address>0xcb3e</run_address>
         <size>0x298</size>
         <input_file_ref idref="fl-13"/>
      </object_component>
      <object_component id="oc-140">
         <name>.debug_info</name>
         <load_address>0xcdd6</load_address>
         <run_address>0xcdd6</run_address>
         <size>0x14d</size>
         <input_file_ref idref="fl-13"/>
      </object_component>
      <object_component id="oc-335">
         <name>.debug_info</name>
         <load_address>0xcf23</load_address>
         <run_address>0xcf23</run_address>
         <size>0x27f</size>
         <input_file_ref idref="fl-13"/>
      </object_component>
      <object_component id="oc-82">
         <name>.debug_info</name>
         <load_address>0xd1a2</load_address>
         <run_address>0xd1a2</run_address>
         <size>0x27d</size>
         <input_file_ref idref="fl-13"/>
      </object_component>
      <object_component id="oc-1dc">
         <name>.debug_info</name>
         <load_address>0xd41f</load_address>
         <run_address>0xd41f</run_address>
         <size>0x2db</size>
         <input_file_ref idref="fl-13"/>
      </object_component>
      <object_component id="oc-bd">
         <name>.debug_info</name>
         <load_address>0xd6fa</load_address>
         <run_address>0xd6fa</run_address>
         <size>0x2b5</size>
         <input_file_ref idref="fl-13"/>
      </object_component>
      <object_component id="oc-235">
         <name>.debug_info</name>
         <load_address>0xd9af</load_address>
         <run_address>0xd9af</run_address>
         <size>0x5f</size>
         <input_file_ref idref="fl-13"/>
      </object_component>
      <object_component id="oc-13e">
         <name>.debug_info</name>
         <load_address>0xda0e</load_address>
         <run_address>0xda0e</run_address>
         <size>0x223</size>
         <input_file_ref idref="fl-14"/>
      </object_component>
      <object_component id="oc-c3">
         <name>.debug_info</name>
         <load_address>0xdc31</load_address>
         <run_address>0xdc31</run_address>
         <size>0x2ba</size>
         <input_file_ref idref="fl-14"/>
      </object_component>
      <object_component id="oc-cf">
         <name>.debug_info</name>
         <load_address>0xdeeb</load_address>
         <run_address>0xdeeb</run_address>
         <size>0x27f</size>
         <input_file_ref idref="fl-14"/>
      </object_component>
      <object_component id="oc-c9">
         <name>.debug_info</name>
         <load_address>0xe16a</load_address>
         <run_address>0xe16a</run_address>
         <size>0x2d7</size>
         <input_file_ref idref="fl-14"/>
      </object_component>
      <object_component id="oc-b7">
         <name>.debug_info</name>
         <load_address>0xe441</load_address>
         <run_address>0xe441</run_address>
         <size>0x28c</size>
         <input_file_ref idref="fl-14"/>
      </object_component>
      <object_component id="oc-36d">
         <name>.debug_info</name>
         <load_address>0xe6cd</load_address>
         <run_address>0xe6cd</run_address>
         <size>0x1fa</size>
         <input_file_ref idref="fl-15"/>
      </object_component>
      <object_component id="oc-1f5">
         <name>.debug_info</name>
         <load_address>0xe8c7</load_address>
         <run_address>0xe8c7</run_address>
         <size>0x212</size>
         <input_file_ref idref="fl-15"/>
      </object_component>
      <object_component id="oc-1ef">
         <name>.debug_info</name>
         <load_address>0xead9</load_address>
         <run_address>0xead9</run_address>
         <size>0x26c</size>
[...]
      <symbol id="sm-2f2">
         <name>usnprintf</name>
         <value>0x72ef</value>
         <object_component_ref idref="oc-17e"/>
      </symbol>
      <symbol id="sm-2f3">
         <name>ustrtoul</name>
         <value>0x6ff7</value>
         <object_component_ref idref="oc-17e"/>
      </symbol>
      <symbol id="sm-2f4">
         <name>ustrcasecmp</name>
         <value>0x72c1</value>
         <object_component_ref idref="oc-17e"/>
      </symbol>
      <symbol id="sm-2f5">
         <name>umktime</name>
         <value>0x7411</value>
         <object_component_ref idref="oc-17e"/>
      </symbol>
      <symbol id="sm-2f6">
         <name>usrand</name>
         <value>0x72c9</value>
         <object_component_ref idref="oc-17e"/>
      </symbol>
      <symbol id="sm-2f7">
         <name>ustrncmp</name>
         <value>0x71f9</value>
         <object_component_ref idref="oc-17e"/>
      </symbol>
      <symbol id="sm-2f8">
         <name>urand</name>
         <value>0x7309</value>
         <object_component_ref idref="oc-17e"/>
      </symbol>
      <symbol id="sm-32d">
         <name>ADCSequenceEnable</name>
         <value>0xaabb</value>
         <object_component_ref idref="oc-98"/>
      </symbol>
      <symbol id="sm-32e">
         <name>ADCSequenceConfigure</name>
         <value>0xa209</value>
         <object_component_ref idref="oc-8c"/>
      </symbol>
      <symbol id="sm-32f">
         <name>ADCIntEnable</name>
         <value>0xaa6d</value>
         <object_component_ref idref="oc-9e"/>
      </symbol>
      <symbol id="sm-330">
         <name>ADCSequenceStepConfigure</name>
         <value>0x9cbb</value>
         <object_component_ref idref="oc-92"/>
      </symbol>
      <symbol id="sm-331">
         <name>ADCHardwareOversampleConfigure</name>
         <value>0xaaad</value>
         <object_component_ref idref="oc-86"/>
      </symbol>
      <symbol id="sm-347">
         <name>FPULazyStackingEnable</name>
         <value>0xaa8d</value>
         <object_component_ref idref="oc-1d5"/>
      </symbol>
      <symbol id="sm-348">
         <name>FPUEnable</name>
         <value>0xaa7d</value>
         <object_component_ref idref="oc-1cf"/>
      </symbol>
      <symbol id="sm-38a">
         <name>GPIOPinConfigure</name>
         <value>0xa4ed</value>
         <object_component_ref idref="oc-340"/>
      </symbol>
      <symbol id="sm-38b">
         <name>GPIOPinTypeGPIOOutput</name>
         <value>0xa9b1</value>
         <object_component_ref idref="oc-aa"/>
      </symbol>
      <symbol id="sm-38c">
         <name>GPIODirModeSet</name>
         <value>0xa8e7</value>
         <object_component_ref idref="oc-134"/>
      </symbol>
      <symbol id="sm-38d">
         <name>GPIOPinWrite</name>
         <value>0xab3f</value>
         <object_component_ref idref="oc-b0"/>
      </symbol>
      <symbol id="sm-38e">
         <name>GPIOPadConfigSet</name>
         <value>0x8fe7</value>
         <object_component_ref idref="oc-12e"/>
      </symbol>
      <symbol id="sm-38f">
         <name>GPIOPinTypeSSI</name>
         <value>0xaa49</value>
         <object_component_ref idref="oc-346"/>
      </symbol>
      <symbol id="sm-3b6">
         <name>IntEnable</name>
         <value>0x9ef1</value>
         <object_component_ref idref="oc-a4"/>
      </symbol>
      <symbol id="sm-3e5">
         <name>SSIDataPut</name>
         <value>0xab19</value>
         <object_component_ref idref="oc-32b"/>
      </symbol>
      <symbol id="sm-3e6">
         <name>SSIConfigSetExpClk</name>
         <value>0xa601</value>
         <object_component_ref idref="oc-352"/>
      </symbol>
      <symbol id="sm-3e7">
         <name>SSIEnable</name>
         <value>0xab2d</value>
         <object_component_ref idref="oc-358"/>
      </symbol>
      <symbol id="sm-3e8">
         <name>SSIClockSourceSet</name>
         <value>0xab4b</value>
         <object_component_ref idref="oc-34c"/>
      </symbol>
      <symbol id="sm-3e9">
         <name>SSIDisable</name>
         <value>0xab23</value>
         <object_component_ref idref="oc-33a"/>
      </symbol>
      <symbol id="sm-446">
         <name>SysCtlClockSet</name>
         <value>0x9331</value>
         <object_component_ref idref="oc-1db"/>
      </symbol>
      <symbol id="sm-447">
         <name>SysCtlDelay</name>
         <value>0xab51</value>
         <object_component_ref idref="oc-1ed"/>
      </symbol>
      <symbol id="sm-448">
         <name>SysCtlPeripheralEnable</name>
         <value>0xa721</value>
         <object_component_ref idref="oc-80"/>
      </symbol>
      <symbol id="sm-449">
         <name>SysCtlClockGet</name>
         <value>0x9119</value>
         <object_component_ref idref="oc-bc"/>
      </symbol>
      <symbol id="sm-44a">
         <name>SysCtlPeripheralReady</name>
         <value>0xa6b1</value>
         <object_component_ref idref="oc-334"/>
      </symbol>
      <symbol id="sm-47d">
         <name>TimerLoadSet</name>
         <value>0xaa5b</value>
         <object_component_ref idref="oc-c2"/>
      </symbol>
      <symbol id="sm-47e">
         <name>TimerEnable</name>
         <value>0xaad7</value>
         <object_component_ref idref="oc-ce"/>
      </symbol>
      <symbol id="sm-47f">
         <name>TimerControlTrigger</name>
         <value>0xa2b9</value>
         <object_component_ref idref="oc-c8"/>
      </symbol>
      <symbol id="sm-480">
         <name>TimerConfigure</name>
         <value>0xa0f1</value>
         <object_component_ref idref="oc-b6"/>
      </symbol>
      <symbol id="sm-499">
         <name>uDMAEnable</name>
         <value>0xaa9d</value>
         <object_component_ref idref="oc-1f4"/>
      </symbol>
      <symbol id="sm-49a">
         <name>uDMAControlBaseSet</name>
         <value>0xab0d</value>
         <object_component_ref idref="oc-1ee"/>
      </symbol>
      <symbol id="sm-4bc">
         <name>CanvasMsgProc</name>
         <value>0xa9f7</value>
         <object_component_ref idref="oc-283"/>
      </symbol>
      <symbol id="sm-4ea">
         <name>CheckBoxMsgProc</name>
         <value>0xa755</value>
         <object_component_ref idref="oc-295"/>
      </symbol>
      <symbol id="sm-513">
         <name>GrCircleFill</name>
         <value>0x8ea3</value>
         <object_component_ref idref="oc-19c"/>
      </symbol>
      <symbol id="sm-514">
         <name>GrCircleDraw</name>
         <value>0x8515</value>
         <object_component_ref idref="oc-1a2"/>
      </symbol>
      <symbol id="sm-52f">
         <name>ContainerMsgProc</name>
         <value>0xaa0b</value>
         <object_component_ref idref="oc-3ff"/>
      </symbol>
      <symbol id="sm-55a">
         <name>GrContextInit</name>
         <value>0x9e21</value>
         <object_component_ref idref="oc-1e7"/>
      </symbol>
      <symbol id="sm-55b">
         <name>GrContextClipRegionSet</name>
         <value>0x9fc1</value>
         <object_component_ref idref="oc-4bb"/>
      </symbol>
      <symbol id="sm-55c">
         <name>g_psDefaultCodePointMapTable</name>
         <value>0x5f30</value>
         <object_component_ref idref="oc-365"/>
      </symbol>
      <symbol id="sm-5b3">
         <name>GrImageDraw</name>
         <value>0xaac9</value>
         <object_component_ref idref="oc-1b4"/>
      </symbol>
      <symbol id="sm-5f7">
         <name>GrLineDrawH</name>
         <value>0xa535</value>
         <object_component_ref idref="oc-2ec"/>
      </symbol>
      <symbol id="sm-5f8">
         <name>GrLineDrawV</name>
         <value>0xa57b</value>
         <object_component_ref idref="oc-2f2"/>
      </symbol>
      <symbol id="sm-5f9">
         <name>GrLineDraw</name>
         <value>0x9229</value>
         <object_component_ref idref="oc-196"/>
      </symbol>
      <symbol id="sm-65a">
         <name>RectangularButtonMsgProc</name>
         <value>0xa863</value>
         <object_component_ref idref="oc-289"/>
      </symbol>
      <symbol id="sm-65b">
         <name>CircularButtonMsgProc</name>
         <value>0xa7df</value>
         <object_component_ref idref="oc-2a4"/>
      </symbol>
      <symbol id="sm-68e">
         <name>RadioButtonMsgProc</name>
         <value>0xa7b1</value>
         <object_component_ref idref="oc-29e"/>
      </symbol>
      <symbol id="sm-6b8">
         <name>GrRectIntersectGet</name>
         <value>0x9c3b</value>
         <object_component_ref idref="oc-4ea"/>
      </symbol>
      <symbol id="sm-6b9">
         <name>GrRectFill</name>
         <value>0x9bb5</value>
         <object_component_ref idref="oc-1a8"/>
      </symbol>
      <symbol id="sm-6ba">
         <name>GrRectOverlapCheck</name>
         <value>0xa677</value>
         <object_component_ref idref="oc-515"/>
      </symbol>
      <symbol id="sm-6bb">
         <name>GrRectDraw</name>
         <value>0xa027</value>
         <object_component_ref idref="oc-1ae"/>
      </symbol>
      <symbol id="sm-709">
         <name>SliderMsgProc</name>
         <value>0xa88f</value>
         <object_component_ref idref="oc-2b6"/>
      </symbol>
      <symbol id="sm-7b5">
         <name>GrFontInfoGet</name>
         <value>0xa911</value>
         <object_component_ref idref="oc-31a"/>
      </symbol>
      <symbol id="sm-7b6">
         <name>GrDefaultStringRenderer</name>
         <value>0x97ab</value>
         <object_component_ref idref="oc-35f"/>
      </symbol>
      <symbol id="sm-7b7">
         <name>GrFontGlyphRender</name>
         <value>0x80b3</value>
         <object_component_ref idref="oc-491"/>
      </symbol>
      <symbol id="sm-7b8">
         <name>GrFontHeightGet</name>
         <value>0xa837</value>
         <object_component_ref idref="oc-4c1"/>
      </symbol>
      <symbol id="sm-7b9">
         <name>GrContextFontSet</name>
         <value>0xab45</value>
         <object_component_ref idref="oc-18a"/>
      </symbol>
      <symbol id="sm-7ba">
         <name>GrFontGlyphDataGet</name>
         <value>0xa937</value>
         <object_component_ref idref="oc-314"/>
      </symbol>
      <symbol id="sm-7bb">
         <name>GrStringDraw</name>
         <value>0xa9e1</value>
         <object_component_ref idref="oc-190"/>
      </symbol>
      <symbol id="sm-7bc">
         <name>GrFontCodepageGet</name>
         <value>0xa959</value>
         <object_component_ref idref="oc-447"/>
      </symbol>
      <symbol id="sm-7bd">
         <name>GrStringNextCharGet</name>
         <value>0xa783</value>
         <object_component_ref idref="oc-30e"/>
      </symbol>
      <symbol id="sm-7be">
         <name>GrStringWidthGet</name>
         <value>0x9e89</value>
         <object_component_ref idref="oc-1c0"/>
      </symbol>
      <symbol id="sm-7bf">
         <name>GrFontBaselineGet</name>
         <value>0xa80b</value>
         <object_component_ref idref="oc-1c6"/>
      </symbol>
      <symbol id="sm-867">
         <name>g_sRoot</name>
         <value>0x20001658</value>
         <object_component_ref idref="oc-187"/>
      </symbol>
      <symbol id="sm-868">
         <name>WidgetMessageQueueAdd</name>
         <value>0x9519</value>
         <object_component_ref idref="oc-178"/>
      </symbol>
      <symbol id="sm-869">
         <name>WidgetMessageSendPostOrder</name>
         <value>0x9925</value>
         <object_component_ref idref="oc-375"/>
      </symbol>
      <symbol id="sm-86a">
         <name>WidgetAdd</name>
         <value>0xa977</value>
         <object_component_ref idref="oc-172"/>
      </symbol>
      <symbol id="sm-86b">
         <name>WidgetRemove</name>
         <value>0xa409</value>
         <object_component_ref idref="oc-16c"/>
      </symbol>
      <symbol id="sm-86c">
         <name>WidgetDefaultMsgProc</name>
         <value>0xab5d</value>
         <object_component_ref idref="oc-2d4"/>
      </symbol>
      <symbol id="sm-86d">
         <name>WidgetMutexPut</name>
         <value>0xab57</value>
         <object_component_ref idref="oc-260"/>
      </symbol>
      <symbol id="sm-86e">
         <name>WidgetMessageQueueProcess</name>
         <value>0xa08d</value>
         <object_component_ref idref="oc-1fa"/>
      </symbol>
      <symbol id="sm-86f">
         <name>WidgetMutexGet</name>
         <value>0xaa1f</value>
         <object_component_ref idref="oc-25f"/>
      </symbol>
      <symbol id="sm-870">
         <name>WidgetPointerMessage</name>
         <value>0xa995</value>
         <object_component_ref idref="oc-215"/>
      </symbol>
      <symbol id="sm-871">
         <name>WidgetMessageSendPreOrder</name>
         <value>0xa151</value>
         <object_component_ref idref="oc-36f"/>
      </symbol>
      <symbol id="sm-883">
         <name>g_sFontCm12</name>
         <value>0x586c</value>
         <object_component_ref idref="oc-20c"/>
      </symbol>
      <symbol id="sm-895">
         <name>g_sFontCm14</name>
         <value>0x5934</value>
         <object_component_ref idref="oc-200"/>
      </symbol>
      <symbol id="sm-8a7">
         <name>g_sFontCm18</name>
         <value>0x59fc</value>
         <object_component_ref idref="oc-1cc"/>
      </symbol>
      <symbol id="sm-8b9">
         <name>g_sFontCm20</name>
         <value>0x5ac4</value>
         <object_component_ref idref="oc-212"/>
      </symbol>
      <symbol id="sm-8cb">
         <name>g_sFontCm22</name>
         <value>0x5b8c</value>
         <object_component_ref idref="oc-203"/>
      </symbol>
      <symbol id="sm-8dd">
         <name>g_sFontCm24</name>
         <value>0x5c54</value>
         <object_component_ref idref="oc-206"/>
      </symbol>
      <symbol id="sm-8ea">
         <name>GrMapISO8859_1_Unicode</name>
         <value>0xab37</value>
         <object_component_ref idref="oc-498"/>
      </symbol>
      <symbol id="sm-8fb">
         <name>_c_int00</name>
         <value>0xa311</value>
         <object_component_ref idref="oc-24"/>
      </symbol>
      <symbol id="sm-8fc">
         <name>__stack</name>
         <value>0x200016cc</value>
         <object_component_ref idref="oc-2a"/>
      </symbol>
      <symbol id="sm-91a">
         <name>__TI_decompress_lzss</name>
         <value>0x9f59</value>
         <object_component_ref idref="oc-12"/>
      </symbol>
      <symbol id="sm-931">
         <name>__TI_decompress_none</name>
         <value>0xaae5</value>
         <object_component_ref idref="oc-18"/>
      </symbol>
      <symbol id="sm-948">
         <name>__TI_zero_init</name>
         <value>0xaaf3</value>
         <object_component_ref idref="oc-1e"/>
      </symbol>
      <symbol id="sm-969">
         <name>C$$EXIT</name>
         <value>0xa365</value>
         <object_component_ref idref="oc-75"/>
      </symbol>
      <symbol id="sm-96a">
         <name>abort</name>
         <value>0xa369</value>
         <object_component_ref idref="oc-75"/>
      </symbol>
      <symbol id="sm-96b">
         <name>exit</name>
         <value>0xa371</value>
         <object_component_ref idref="oc-75"/>
      </symbol>
      <symbol id="sm-96c">
         <name>__TI_dtors_ptr</name>
         <value>0x200016ac</value>
         <object_component_ref idref="oc-115"/>
      </symbol>
      <symbol id="sm-96d">
         <name>__TI_cleanup_ptr</name>
         <value>0x200016a8</value>
         <object_component_ref idref="oc-115"/>
      </symbol>
      <symbol id="sm-96e">
         <name>__TI_enable_exit_profile_output</name>
         <value>0x200016b0</value>
         <object_component_ref idref="oc-115"/>
      </symbol>
      <symbol id="sm-989">
         <name>memcpy</name>
         <value>0x9a89</value>
         <object_component_ref idref="oc-45"/>
      </symbol>
      <symbol id="sm-98a">
         <name>__aeabi_memcpy</name>
         <value>0x9a89</value>
         <object_component_ref idref="oc-45"/>
      </symbol>
      <symbol id="sm-98b">
         <name>__aeabi_memcpy8</name>
         <value>0x9a89</value>
         <object_component_ref idref="oc-45"/>
      </symbol>
      <symbol id="sm-98c">
         <name>__aeabi_memcpy4</name>
         <value>0x9a89</value>
         <object_component_ref idref="oc-45"/>
      </symbol>
      <symbol id="sm-99b">
         <name>__aeabi_memset</name>
         <value>0x9d37</value>
         <object_component_ref idref="oc-51"/>
      </symbol>
      <symbol id="sm-99c">
         <name>memset</name>
         <value>0x9d3d</value>
         <object_component_ref idref="oc-51"/>
      </symbol>
      <symbol id="sm-99d">
         <name>__aeabi_memset8</name>
         <value>0x9d37</value>
         <object_component_ref idref="oc-51"/>
      </symbol>
      <symbol id="sm-99e">
         <name>__aeabi_memset4</name>
         <value>0x9d37</value>
         <object_component_ref idref="oc-51"/>
      </symbol>
      <symbol id="sm-99f">
         <name>__aeabi_memclr8</name>
         <value>0x9d35</value>
         <object_component_ref idref="oc-51"/>
      </symbol>
      <symbol id="sm-9a0">
         <name>__aeabi_memclr4</name>
         <value>0x9d35</value>
         <object_component_ref idref="oc-51"/>
      </symbol>
      <symbol id="sm-9a1">
         <name>__aeabi_memclr</name>
         <value>0x9d35</value>
         <object_component_ref idref="oc-51"/>
      </symbol>
      <symbol id="sm-9ab">
         <name>__mpu_init</name>
         <value>0x9517</value>
         <object_component_ref idref="oc-5d"/>
      </symbol>
      <symbol id="sm-9b5">
         <name>_system_pre_init</name>
         <value>0xab61</value>
         <object_component_ref idref="oc-63"/>
      </symbol>
      <symbol id="sm-9bd">
         <name>main_func_sp</name>
         <value>0x200016c4</value>
         <object_component_ref idref="oc-7b"/>
      </symbol>
      <symbol id="sm-9cc">
         <name>__aeabi_uidivmod</name>
         <value>0xa5c1</value>
         <object_component_ref idref="oc-26a"/>
      </symbol>
      <symbol id="sm-9cd">
         <name>__aeabi_uidiv</name>
         <value>0xa5c1</value>
         <object_component_ref idref="oc-26a"/>
      </symbol>
      <symbol id="sm-9e6">
         <name>_nop</name>
         <value>0xaa43</value>
         <object_component_ref idref="oc-227"/>
      </symbol>
      <symbol id="sm-9e7">
         <name>_lock</name>
         <value>0x200016bc</value>
         <object_component_ref idref="oc-118"/>
      </symbol>
      <symbol id="sm-9e8">
         <name>_unlock</name>
         <value>0x200016c0</value>
         <object_component_ref idref="oc-118"/>
      </symbol>
      <symbol id="sm-9e9">
         <name>_register_lock</name>
         <value>0xaa3b</value>
         <object_component_ref idref="oc-227"/>
      </symbol>
      <symbol id="sm-9ea">
         <name>_register_unlock</name>
         <value>0xaa35</value>
         <object_component_ref idref="oc-227"/>
      </symbol>
      <symbol id="sm-9fe">
         <name>_args_main</name>
         <value>0xa9c9</value>
         <object_component_ref idref="oc-6f"/>
      </symbol>
      <symbol id="sm-a28">
         <name>__TI_auto_init</name>
         <value>0x9db1</value>
         <object_component_ref idref="oc-69"/>
      </symbol>
      <symbol id="sm-a42">
         <name>copy_in</name>
         <value>0xa455</value>
         <object_component_ref idref="oc-ff"/>
      </symbol>
      <symbol id="sm-a4c">
         <name>__aeabi_idiv0</name>
         <value>0x932f</value>
         <object_component_ref idref="oc-3ca"/>
      </symbol>
      <symbol id="sm-a56">
         <name>_system_post_cinit</name>
         <value>0x9923</value>
         <object_component_ref idref="oc-105"/>
      </symbol>
      <symbol id="sm-a57">
         <name>__TI_static_base__</name>
         <value>0x0</value>
      </symbol>
      <symbol id="sm-a5a">
         <name>SHT$$INIT_ARRAY$$Limit</name>
         <value>0x0</value>
      </symbol>
      <symbol id="sm-a5b">
         <name>SHT$$INIT_ARRAY$$Base</name>
         <value>0x0</value>
      </symbol>
   </symbol_table>
   <title>Link successful</title>
</link_info>
